Component: ARM Compiler 5.06 update 7 (build 960) Tool: armlink [4d3601]

==============================================================================

Section Cross References

    startup_stm32f103xe.o(STACK) refers (Special) to heapauxi.o(.text) for __use_two_region_memory
    startup_stm32f103xe.o(HEAP) refers (Special) to heapauxi.o(.text) for __use_two_region_memory
    startup_stm32f103xe.o(RESET) refers (Special) to heapauxi.o(.text) for __use_two_region_memory
    startup_stm32f103xe.o(RESET) refers to startup_stm32f103xe.o(STACK) for __initial_sp
    startup_stm32f103xe.o(RESET) refers to startup_stm32f103xe.o(.text) for Reset_Handler
    startup_stm32f103xe.o(RESET) refers to stm32f1xx_it.o(i.NMI_Handler) for NMI_Handler
    startup_stm32f103xe.o(RESET) refers to stm32f1xx_it.o(i.HardFault_Handler) for HardFault_Handler
    startup_stm32f103xe.o(RESET) refers to stm32f1xx_it.o(i.MemManage_Handler) for MemManage_Handler
    startup_stm32f103xe.o(RESET) refers to stm32f1xx_it.o(i.BusFault_Handler) for BusFault_Handler
    startup_stm32f103xe.o(RESET) refers to stm32f1xx_it.o(i.UsageFault_Handler) for UsageFault_Handler
    startup_stm32f103xe.o(RESET) refers to stm32f1xx_it.o(i.SVC_Handler) for SVC_Handler
    startup_stm32f103xe.o(RESET) refers to stm32f1xx_it.o(i.DebugMon_Handler) for DebugMon_Handler
    startup_stm32f103xe.o(RESET) refers to stm32f1xx_it.o(i.PendSV_Handler) for PendSV_Handler
    startup_stm32f103xe.o(RESET) refers to stm32f1xx_it.o(i.SysTick_Handler) for SysTick_Handler
    startup_stm32f103xe.o(RESET) refers to stm32f1xx_it.o(i.DMA1_Channel4_IRQHandler) for DMA1_Channel4_IRQHandler
    startup_stm32f103xe.o(RESET) refers to stm32f1xx_it.o(i.DMA1_Channel5_IRQHandler) for DMA1_Channel5_IRQHandler
    startup_stm32f103xe.o(RESET) refers to stm32f1xx_it.o(i.TIM3_IRQHandler) for TIM3_IRQHandler
    startup_stm32f103xe.o(RESET) refers to stm32f1xx_it.o(i.TIM4_IRQHandler) for TIM4_IRQHandler
    startup_stm32f103xe.o(RESET) refers to stm32f1xx_it.o(i.USART1_IRQHandler) for USART1_IRQHandler
    startup_stm32f103xe.o(RESET) refers to stm32f1xx_it.o(i.TIM8_BRK_IRQHandler) for TIM8_BRK_IRQHandler
    startup_stm32f103xe.o(RESET) refers to stm32f1xx_it.o(i.TIM8_UP_IRQHandler) for TIM8_UP_IRQHandler
    startup_stm32f103xe.o(RESET) refers to stm32f1xx_it.o(i.TIM8_TRG_COM_IRQHandler) for TIM8_TRG_COM_IRQHandler
    startup_stm32f103xe.o(RESET) refers to stm32f1xx_it.o(i.TIM8_CC_IRQHandler) for TIM8_CC_IRQHandler
    startup_stm32f103xe.o(.text) refers (Special) to heapauxi.o(.text) for __use_two_region_memory
    startup_stm32f103xe.o(.text) refers to system_stm32f1xx.o(i.SystemInit) for SystemInit
    startup_stm32f103xe.o(.text) refers to __main.o(!!!main) for __main
    startup_stm32f103xe.o(.text) refers to startup_stm32f103xe.o(HEAP) for Heap_Mem
    startup_stm32f103xe.o(.text) refers to startup_stm32f103xe.o(STACK) for Stack_Mem
    main.o(i.SystemClock_Config) refers to rt_memclr_w.o(.text) for __aeabi_memclr4
    main.o(i.SystemClock_Config) refers to stm32f1xx_hal_rcc.o(i.HAL_RCC_OscConfig) for HAL_RCC_OscConfig
    main.o(i.SystemClock_Config) refers to main.o(i.Error_Handler) for Error_Handler
    main.o(i.SystemClock_Config) refers to stm32f1xx_hal_rcc.o(i.HAL_RCC_ClockConfig) for HAL_RCC_ClockConfig
    main.o(i.main) refers to stm32f1xx_hal.o(i.HAL_Init) for HAL_Init
    main.o(i.main) refers to main.o(i.SystemClock_Config) for SystemClock_Config
    main.o(i.main) refers to gpio.o(i.MX_GPIO_Init) for MX_GPIO_Init
    main.o(i.main) refers to dma.o(i.MX_DMA_Init) for MX_DMA_Init
    main.o(i.main) refers to i2c.o(i.MX_I2C2_Init) for MX_I2C2_Init
    main.o(i.main) refers to tim.o(i.MX_TIM4_Init) for MX_TIM4_Init
    main.o(i.main) refers to usart.o(i.MX_USART1_UART_Init) for MX_USART1_UART_Init
    main.o(i.main) refers to usart.o(i.MX_USART2_UART_Init) for MX_USART2_UART_Init
    main.o(i.main) refers to tim.o(i.MX_TIM3_Init) for MX_TIM3_Init
    main.o(i.main) refers to tim.o(i.MX_TIM8_Init) for MX_TIM8_Init
    main.o(i.main) refers to tim.o(i.MX_TIM5_Init) for MX_TIM5_Init
    main.o(i.main) refers to userusart1.o(i.Usart1_init) for Usart1_init
    main.o(i.main) refers to userusart1.o(i.Usart1_ReadData) for Usart1_ReadData
    main.o(i.main) refers to oled.o(i.OLED_Init) for OLED_Init
    main.o(i.main) refers to stm32f1xx_hal_tim.o(i.HAL_TIM_PWM_Start) for HAL_TIM_PWM_Start
    main.o(i.main) refers to bj_motor.o(i.BJMotor_Speed) for BJMotor_Speed
    main.o(i.main) refers to fun.o(i.lcd_show) for lcd_show
    main.o(i.main) refers to stm32f1xx_hal.o(i.HAL_Delay) for HAL_Delay
    main.o(i.main) refers to userusart1.o(i.user_uart_process) for user_uart_process
    main.o(i.main) refers to tim.o(.bss) for htim5
    gpio.o(i.MX_GPIO_Init) refers to stm32f1xx_hal_gpio.o(i.HAL_GPIO_WritePin) for HAL_GPIO_WritePin
    gpio.o(i.MX_GPIO_Init) refers to stm32f1xx_hal_gpio.o(i.HAL_GPIO_Init) for HAL_GPIO_Init
[...]
    i.HAL_NVIC_DisableIRQ                    0x080016dc   Section        0  stm32f1xx_hal_cortex.o(i.HAL_NVIC_DisableIRQ)
    i.HAL_NVIC_EnableIRQ                     0x08001720   Section        0  stm32f1xx_hal_cortex.o(i.HAL_NVIC_EnableIRQ)
    i.HAL_NVIC_SetPriority                   0x08001740   Section        0  stm32f1xx_hal_cortex.o(i.HAL_NVIC_SetPriority)
    i.HAL_NVIC_SetPriorityGrouping           0x080017bc   Section        0  stm32f1xx_hal_cortex.o(i.HAL_NVIC_SetPriorityGrouping)
    i.HAL_RCC_ClockConfig                    0x080017e4   Section        0  stm32f1xx_hal_rcc.o(i.HAL_RCC_ClockConfig)
    i.HAL_RCC_GetHCLKFreq                    0x08001970   Section        0  stm32f1xx_hal_rcc.o(i.HAL_RCC_GetHCLKFreq)
    i.HAL_RCC_GetPCLK1Freq                   0x0800197c   Section        0  stm32f1xx_hal_rcc.o(i.HAL_RCC_GetPCLK1Freq)
    i.HAL_RCC_GetPCLK2Freq                   0x0800199c   Section        0  stm32f1xx_hal_rcc.o(i.HAL_RCC_GetPCLK2Freq)
    i.HAL_RCC_GetSysClockFreq                0x080019bc   Section        0  stm32f1xx_hal_rcc.o(i.HAL_RCC_GetSysClockFreq)
    i.HAL_RCC_OscConfig                      0x08001a2c   Section        0  stm32f1xx_hal_rcc.o(i.HAL_RCC_OscConfig)
    i.HAL_SYSTICK_Config                     0x08001e90   Section        0  stm32f1xx_hal_cortex.o(i.HAL_SYSTICK_Config)
    i.HAL_TIMEx_BreakCallback                0x08001ec4   Section        0  stm32f1xx_hal_tim_ex.o(i.HAL_TIMEx_BreakCallback)
    i.HAL_TIMEx_CommutCallback               0x08001ec6   Section        0  stm32f1xx_hal_tim_ex.o(i.HAL_TIMEx_CommutCallback)
    i.HAL_TIMEx_ConfigBreakDeadTime          0x08001ec8   Section        0  stm32f1xx_hal_tim_ex.o(i.HAL_TIMEx_ConfigBreakDeadTime)
    i.HAL_TIMEx_MasterConfigSynchronization  0x08001f3c   Section        0  stm32f1xx_hal_tim_ex.o(i.HAL_TIMEx_MasterConfigSynchronization)
    i.HAL_TIM_Base_Init                      0x08001fd8   Section        0  stm32f1xx_hal_tim.o(i.HAL_TIM_Base_Init)
    i.HAL_TIM_Base_MspInit                   0x08002040   Section        0  tim.o(i.HAL_TIM_Base_MspInit)
    i.HAL_TIM_ConfigClockSource              0x08002150   Section        0  stm32f1xx_hal_tim.o(i.HAL_TIM_ConfigClockSource)
    i.HAL_TIM_IC_CaptureCallback             0x0800225c   Section        0  stm32f1xx_hal_tim.o(i.HAL_TIM_IC_CaptureCallback)
    i.HAL_TIM_IRQHandler                     0x0800225e   Section        0  stm32f1xx_hal_tim.o(i.HAL_TIM_IRQHandler)
    i.HAL_TIM_MspPostInit                    0x080023cc   Section        0  tim.o(i.HAL_TIM_MspPostInit)
    i.HAL_TIM_OC_DelayElapsedCallback        0x080024dc   Section        0  stm32f1xx_hal_tim.o(i.HAL_TIM_OC_DelayElapsedCallback)
    i.HAL_TIM_PWM_ConfigChannel              0x080024de   Section        0  stm32f1xx_hal_tim.o(i.HAL_TIM_PWM_ConfigChannel)
    i.HAL_TIM_PWM_Init                       0x080025e2   Section        0  stm32f1xx_hal_tim.o(i.HAL_TIM_PWM_Init)
    i.HAL_TIM_PWM_MspInit                    0x08002648   Section        0  stm32f1xx_hal_tim.o(i.HAL_TIM_PWM_MspInit)
    i.HAL_TIM_PWM_PulseFinishedCallback      0x0800264c   Section        0  bj_motor.o(i.HAL_TIM_PWM_PulseFinishedCallback)
    i.HAL_TIM_PWM_Start                      0x0800273c   Section        0  stm32f1xx_hal_tim.o(i.HAL_TIM_PWM_Start)
    i.HAL_TIM_PWM_Start_IT                   0x08002830   Section        0  stm32f1xx_hal_tim.o(i.HAL_TIM_PWM_Start_IT)
    i.HAL_TIM_PWM_Stop_IT                    0x08002974   Section        0  stm32f1xx_hal_tim.o(i.HAL_TIM_PWM_Stop_IT)
    i.HAL_TIM_PeriodElapsedCallback          0x08002a70   Section        0  stm32f1xx_hal_tim.o(i.HAL_TIM_PeriodElapsedCallback)
    i.HAL_TIM_TriggerCallback                0x08002a72   Section        0  stm32f1xx_hal_tim.o(i.HAL_TIM_TriggerCallback)
    i.HAL_UARTEx_RxEventCallback             0x08002a74   Section        0  stm32f1xx_hal_uart.o(i.HAL_UARTEx_RxEventCallback)
    i.HAL_UART_AbortReceiveCpltCallback      0x08002a76   Section        0  stm32f1xx_hal_uart.o(i.HAL_UART_AbortReceiveCpltCallback)
    i.HAL_UART_AbortReceive_IT               0x08002a78   Section        0  stm32f1xx_hal_uart.o(i.HAL_UART_AbortReceive_IT)
    i.HAL_UART_DMAStop                       0x08002b50   Section        0  stm32f1xx_hal_uart.o(i.HAL_UART_DMAStop)
    i.HAL_UART_DeInit                        0x08002bda   Section        0  stm32f1xx_hal_uart.o(i.HAL_UART_DeInit)
    i.HAL_UART_ErrorCallback                 0x08002c18   Section        0  stm32f1xx_hal_uart.o(i.HAL_UART_ErrorCallback)
    i.HAL_UART_IRQHandler                    0x08002c1c   Section        0  stm32f1xx_hal_uart.o(i.HAL_UART_IRQHandler)
    i.HAL_UART_IdleCallback                  0x08002f00   Section        0  userusart1.o(i.HAL_UART_IdleCallback)
    i.HAL_UART_Init                          0x08002f24   Section        0  stm32f1xx_hal_uart.o(i.HAL_UART_Init)
    i.HAL_UART_MspDeInit                     0x08002f9c   Section        0  usart.o(i.HAL_UART_MspDeInit)
    i.HAL_UART_MspInit                       0x08003000   Section        0  usart.o(i.HAL_UART_MspInit)
    i.HAL_UART_Receive_DMA                   0x08003174   Section        0  stm32f1xx_hal_uart.o(i.HAL_UART_Receive_DMA)
    i.HAL_UART_Receive_IT                    0x080031a0   Section        0  stm32f1xx_hal_uart.o(i.HAL_UART_Receive_IT)
    i.HAL_UART_RxCpltCallback                0x080031cc   Section        0  userusart1.o(i.HAL_UART_RxCpltCallback)
    i.HAL_UART_RxHalfCpltCallback            0x080031e4   Section        0  stm32f1xx_hal_uart.o(i.HAL_UART_RxHalfCpltCallback)
    i.HAL_UART_Transmit                      0x080031e6   Section        0  stm32f1xx_hal_uart.o(i.HAL_UART_Transmit)
    i.HAL_UART_Transmit_DMA                  0x080032a4   Section        0  stm32f1xx_hal_uart.o(i.HAL_UART_Transmit_DMA)
    i.HAL_UART_TxCpltCallback                0x08003330   Section        0  userusart1.o(i.HAL_UART_TxCpltCallback)
    i.HAL_UART_TxHalfCpltCallback            0x08003348   Section        0  stm32f1xx_hal_uart.o(i.HAL_UART_TxHalfCpltCallback)
    i.HardFault_Handler                      0x0800334a   Section        0  stm32f1xx_it.o(i.HardFault_Handler)
    i.I2C_IsAcknowledgeFailed                0x0800334e   Section        0  stm32f1xx_hal_i2c.o(i.I2C_IsAcknowledgeFailed)
    I2C_IsAcknowledgeFailed                  0x0800334f   Thumb Code    62  stm32f1xx_hal_i2c.o(i.I2C_IsAcknowledgeFailed)
    i.I2C_MasterRequestWrite                 0x0800338c   Section        0  stm32f1xx_hal_i2c.o(i.I2C_MasterRequestWrite)
    I2C_MasterRequestWrite                   0x0800338d   Thumb Code   186  stm32f1xx_hal_i2c.o(i.I2C_MasterRequestWrite)
    i.I2C_WaitOnBTFFlagUntilTimeout          0x0800344c   Section        0  stm32f1xx_hal_i2c.o(i.I2C_WaitOnBTFFlagUntilTimeout)
    I2C_WaitOnBTFFlagUntilTimeout            0x0800344d   Thumb Code   102  stm32f1xx_hal_i2c.o(i.I2C_WaitOnBTFFlagUntilTimeout)
    i.I2C_WaitOnFlagUntilTimeout             0x080034b2   Section        0  stm32f1xx_hal_i2c.o(i.I2C_WaitOnFlagUntilTimeout)
    I2C_WaitOnFlagUntilTimeout               0x080034b3   Thumb Code   190  stm32f1xx_hal_i2c.o(i.I2C_WaitOnFlagUntilTimeout)
    i.I2C_WaitOnMasterAddressFlagUntilTimeout 0x08003570   Section        0  stm32f1xx_hal_i2c.o(i.I2C_WaitOnMasterAddressFlagUntilTimeout)
    I2C_WaitOnMasterAddressFlagUntilTimeout  0x08003571   Thumb Code   250  stm32f1xx_hal_i2c.o(i.I2C_WaitOnMasterAddressFlagUntilTimeout)
    i.I2C_WaitOnTXEFlagUntilTimeout          0x0800366a   Section        0  stm32f1xx_hal_i2c.o(i.I2C_WaitOnTXEFlagUntilTimeout)
    I2C_WaitOnTXEFlagUntilTimeout            0x0800366b   Thumb Code   102  stm32f1xx_hal_i2c.o(i.I2C_WaitOnTXEFlagUntilTimeout)
    i.MX_DMA_Init                            0x080036d0   Section        0  dma.o(i.MX_DMA_Init)
    i.MX_GPIO_Init                           0x08003714   Section        0  gpio.o(i.MX_GPIO_Init)
    i.MX_I2C2_Init                           0x080037e8   Section        0  i2c.o(i.MX_I2C2_Init)
    i.MX_TIM3_Init                           0x08003824   Section        0  tim.o(i.MX_TIM3_Init)
    i.MX_TIM4_Init                           0x080038c8   Section        0  tim.o(i.MX_TIM4_Init)
    i.MX_TIM5_Init                           0x0800396c   Section        0  tim.o(i.MX_TIM5_Init)
    i.MX_TIM8_Init                           0x08003a14   Section        0  tim.o(i.MX_TIM8_Init)
    i.MX_USART1_UART_Init                    0x08003aec   Section        0  usart.o(i.MX_USART1_UART_Init)
    i.MX_USART2_UART_Init                    0x08003b24   Section        0  usart.o(i.MX_USART2_UART_Init)
    i.MemManage_Handler                      0x08003b5c   Section        0  stm32f1xx_it.o(i.MemManage_Handler)
    i.NMI_Handler                            0x08003b60   Section        0  stm32f1xx_it.o(i.NMI_Handler)
    i.OLED_Init                              0x08003b64   Section        0  oled.o(i.OLED_Init)
    i.OLED_NewFrame                          0x08003c18   Section        0  oled.o(i.OLED_NewFrame)
    i.OLED_PrintASCIIChar                    0x08003c2c   Section        0  oled.o(i.OLED_PrintASCIIChar)
    i.OLED_PrintString                       0x08003c6c   Section        0  oled.o(i.OLED_PrintString)
    i.OLED_Send                              0x08003d4c   Section        0  oled.o(i.OLED_Send)
    i.OLED_SendCmd                           0x08003d6c   Section        0  oled.o(i.OLED_SendCmd)
    i.OLED_SetBits                           0x08003d80   Section        0  oled.o(i.OLED_SetBits)
    i.OLED_SetBits_Fine                      0x08003de2   Section        0  oled.o(i.OLED_SetBits_Fine)
    i.OLED_SetBlock                          0x08003e6a   Section        0  oled.o(i.OLED_SetBlock)
    i.OLED_SetByte_Fine                      0x08003f04   Section        0  oled.o(i.OLED_SetByte_Fine)
    i.OLED_ShowFrame                         0x08003f80   Section        0  oled.o(i.OLED_ShowFrame)
    i.PendSV_Handler                         0x08003fcc   Section        0  stm32f1xx_it.o(i.PendSV_Handler)
    i.QZ_points                              0x08003fd0   Section        0  fun.o(i.QZ_points)
    i.RCC_Delay                              0x08004ab0   Section        0  stm32f1xx_hal_rcc.o(i.RCC_Delay)
    RCC_Delay                                0x08004ab1   Thumb Code    36  stm32f1xx_hal_rcc.o(i.RCC_Delay)
    i.SVC_Handler                            0x08004ad8   Section        0  stm32f1xx_it.o(i.SVC_Handler)
    i.SysTick_Handler                        0x08004ada   Section        0  stm32f1xx_it.o(i.SysTick_Handler)
    i.SystemClock_Config                     0x08004ae2   Section        0  main.o(i.SystemClock_Config)
    i.SystemInit                             0x08004b48   Section        0  system_stm32f1xx.o(i.SystemInit)
    i.TIM3_IRQHandler                        0x08004b4c   Section        0  stm32f1xx_it.o(i.TIM3_IRQHandler)
    i.TIM4_IRQHandler                        0x08004b5c   Section        0  stm32f1xx_it.o(i.TIM4_IRQHandler)
    i.TIM8_BRK_IRQHandler                    0x08004b6c   Section        0  stm32f1xx_it.o(i.TIM8_BRK_IRQHandler)
    i.TIM8_CC_IRQHandler                     0x08004b7c   Section        0  stm32f1xx_it.o(i.TIM8_CC_IRQHandler)
    i.TIM8_TRG_COM_IRQHandler                0x08004b8c   Section        0  stm32f1xx_it.o(i.TIM8_TRG_COM_IRQHandler)
    i.TIM8_UP_IRQHandler                     0x08004b9c   Section        0  stm32f1xx_it.o(i.TIM8_UP_IRQHandler)
    i.TIM_Base_SetConfig                     0x08004bac   Section        0  stm32f1xx_hal_tim.o(i.TIM_Base_SetConfig)
    i.TIM_CCxChannelCmd                      0x08004c58   Section        0  stm32f1xx_hal_tim.o(i.TIM_CCxChannelCmd)
    i.TIM_ETR_SetConfig                      0x08004c7a   Section        0  stm32f1xx_hal_tim.o(i.TIM_ETR_SetConfig)
    i.TIM_ITRx_SetConfig                     0x08004c90   Section        0  stm32f1xx_hal_tim.o(i.TIM_ITRx_SetConfig)
    TIM_ITRx_SetConfig                       0x08004c91   Thumb Code    18  stm32f1xx_hal_tim.o(i.TIM_ITRx_SetConfig)
    i.TIM_OC1_SetConfig                      0x08004ca4   Section        0  stm32f1xx_hal_tim.o(i.TIM_OC1_SetConfig)
    TIM_OC1_SetConfig                        0x08004ca5   Thumb Code   104  stm32f1xx_hal_tim.o(i.TIM_OC1_SetConfig)
    i.TIM_OC2_SetConfig                      0x08004d14   Section        0  stm32f1xx_hal_tim.o(i.TIM_OC2_SetConfig)
    i.TIM_OC3_SetConfig                      0x08004d90   Section        0  stm32f1xx_hal_tim.o(i.TIM_OC3_SetConfig)
    TIM_OC3_SetConfig                        0x08004d91   Thumb Code   112  stm32f1xx_hal_tim.o(i.TIM_OC3_SetConfig)
    i.TIM_OC4_SetConfig                      0x08004e08   Section        0  stm32f1xx_hal_tim.o(i.TIM_OC4_SetConfig)
    TIM_OC4_SetConfig                        0x08004e09   Thumb Code    74  stm32f1xx_hal_tim.o(i.TIM_OC4_SetConfig)
    i.TIM_TI1_ConfigInputStage               0x08004e5c   Section        0  stm32f1xx_hal_tim.o(i.TIM_TI1_ConfigInputStage)
    TIM_TI1_ConfigInputStage                 0x08004e5d   Thumb Code    38  stm32f1xx_hal_tim.o(i.TIM_TI1_ConfigInputStage)
    i.TIM_TI2_ConfigInputStage               0x08004e82   Section        0  stm32f1xx_hal_tim.o(i.TIM_TI2_ConfigInputStage)
    TIM_TI2_ConfigInputStage                 0x08004e83   Thumb Code    40  stm32f1xx_hal_tim.o(i.TIM_TI2_ConfigInputStage)
    i.UART_DMAAbortOnError                   0x08004eaa   Section        0  stm32f1xx_hal_uart.o(i.UART_DMAAbortOnError)
    UART_DMAAbortOnError                     0x08004eab   Thumb Code    20  stm32f1xx_hal_uart.o(i.UART_DMAAbortOnError)
    i.UART_DMAError                          0x08004ebe   Section        0  stm32f1xx_hal_uart.o(i.UART_DMAError)
    UART_DMAError                            0x08004ebf   Thumb Code    80  stm32f1xx_hal_uart.o(i.UART_DMAError)
    i.UART_DMAReceiveCplt                    0x08004f0e   Section        0  stm32f1xx_hal_uart.o(i.UART_DMAReceiveCplt)
    UART_DMAReceiveCplt                      0x08004f0f   Thumb Code   180  stm32f1xx_hal_uart.o(i.UART_DMAReceiveCplt)
    i.UART_DMARxHalfCplt                     0x08004fc2   Section        0  stm32f1xx_hal_uart.o(i.UART_DMARxHalfCplt)
    UART_DMARxHalfCplt                       0x08004fc3   Thumb Code    36  stm32f1xx_hal_uart.o(i.UART_DMARxHalfCplt)
    i.UART_DMARxOnlyAbortCallback            0x08004fe6   Section        0  stm32f1xx_hal_uart.o(i.UART_DMARxOnlyAbortCallback)
    UART_DMARxOnlyAbortCallback              0x08004fe7   Thumb Code    28  stm32f1xx_hal_uart.o(i.UART_DMARxOnlyAbortCallback)
    i.UART_DMATransmitCplt                   0x08005002   Section        0  stm32f1xx_hal_uart.o(i.UART_DMATransmitCplt)
    UART_DMATransmitCplt                     0x08005003   Thumb Code    88  stm32f1xx_hal_uart.o(i.UART_DMATransmitCplt)
    i.UART_DMATxHalfCplt                     0x0800505a   Section        0  stm32f1xx_hal_uart.o(i.UART_DMATxHalfCplt)
    UART_DMATxHalfCplt                       0x0800505b   Thumb Code    14  stm32f1xx_hal_uart.o(i.UART_DMATxHalfCplt)
    i.UART_EndRxTransfer                     0x08005068   Section        0  stm32f1xx_hal_uart.o(i.UART_EndRxTransfer)
    UART_EndRxTransfer                       0x08005069   Thumb Code   108  stm32f1xx_hal_uart.o(i.UART_EndRxTransfer)
    i.UART_EndTransmit_IT                    0x080050d4   Section        0  stm32f1xx_hal_uart.o(i.UART_EndTransmit_IT)
    UART_EndTransmit_IT                      0x080050d5   Thumb Code    32  stm32f1xx_hal_uart.o(i.UART_EndTransmit_IT)
    i.UART_EndTxTransfer                     0x080050f4   Section        0  stm32f1xx_hal_uart.o(i.UART_EndTxTransfer)
    UART_EndTxTransfer                       0x080050f5   Thumb Code    38  stm32f1xx_hal_uart.o(i.UART_EndTxTransfer)
    i.UART_Receive_IT                        0x0800511a   Section        0  stm32f1xx_hal_uart.o(i.UART_Receive_IT)
    UART_Receive_IT                          0x0800511b   Thumb Code   252  stm32f1xx_hal_uart.o(i.UART_Receive_IT)
    i.UART_SetConfig                         0x08005218   Section        0  stm32f1xx_hal_uart.o(i.UART_SetConfig)
    UART_SetConfig                           0x08005219   Thumb Code   248  stm32f1xx_hal_uart.o(i.UART_SetConfig)
    i.UART_Start_Receive_DMA                 0x08005314   Section        0  stm32f1xx_hal_uart.o(i.UART_Start_Receive_DMA)
    i.UART_Start_Receive_IT                  0x080053dc   Section        0  stm32f1xx_hal_uart.o(i.UART_Start_Receive_IT)
    i.UART_Transmit_IT                       0x0800541c   Section        0  stm32f1xx_hal_uart.o(i.UART_Transmit_IT)
    UART_Transmit_IT                         0x0800541d   Thumb Code    96  stm32f1xx_hal_uart.o(i.UART_Transmit_IT)
    i.UART_WaitOnFlagUntilTimeout            0x0800547c   Section        0  stm32f1xx_hal_uart.o(i.UART_WaitOnFlagUntilTimeout)
    UART_WaitOnFlagUntilTimeout              0x0800547d   Thumb Code   140  stm32f1xx_hal_uart.o(i.UART_WaitOnFlagUntilTimeout)
    i.USART1_EndTxd_IRQHandler               0x08005508   Section        0  userusart1.o(i.USART1_EndTxd_IRQHandler)
    i.USART1_IDLE_IRQHandler                 0x08005514   Section        0  userusart1.o(i.USART1_IDLE_IRQHandler)
    i.USART1_IRQHandler                      0x08005574   Section        0  stm32f1xx_it.o(i.USART1_IRQHandler)
    i.USART1_RXD_IRQHandler                  0x08005588   Section        0  userusart1.o(i.USART1_RXD_IRQHandler)
    i.UsageFault_Handler                     0x080055c8   Section        0  stm32f1xx_it.o(i.UsageFault_Handler)
    i.Usart1_ReadData                        0x080055cc   Section        0  userusart1.o(i.Usart1_ReadData)
    i.Usart1_SendData                        0x08005604   Section        0  userusart1.o(i.Usart1_SendData)
    i.Usart1_init                            0x08005664   Section        0  userusart1.o(i.Usart1_init)
    i._OLED_GetUTF8Len                       0x0800569c   Section        0  oled.o(i._OLED_GetUTF8Len)
    i.__NVIC_GetPriorityGrouping             0x080056d8   Section        0  stm32f1xx_hal_cortex.o(i.__NVIC_GetPriorityGrouping)
    __NVIC_GetPriorityGrouping               0x080056d9   Thumb Code    10  stm32f1xx_hal_cortex.o(i.__NVIC_GetPriorityGrouping)
    i.__NVIC_SetPriority                     0x080056e8   Section        0  stm32f1xx_hal_cortex.o(i.__NVIC_SetPriority)
    __NVIC_SetPriority                       0x080056e9   Thumb Code    32  stm32f1xx_hal_cortex.o(i.__NVIC_SetPriority)
    i.lcd_show                               0x08005710   Section        0  fun.o(i.lcd_show)
    i.main                                   0x0800575c   Section        0  main.o(i.main)
    i.user_uart_process                      0x080057bc   Section        0  userusart1.o(i.user_uart_process)
    x$fpl$fcmpinf                            0x080059f0   Section       24  fcmpi.o(x$fpl$fcmpinf)
    x$fpl$ffixu                              0x08005a08   Section       62  ffixu.o(x$fpl$ffixu)
    x$fpl$fleqf                              0x08005a48   Section      104  fleqf.o(x$fpl$fleqf)
    x$fpl$fmul                               0x08005ab0   Section      258  fmul.o(x$fpl$fmul)
    x$fpl$fnaninf                            0x08005bb2   Section      140  fnaninf.o(x$fpl$fnaninf)
    x$fpl$fretinf                            0x08005c3e   Section       10  fretinf.o(x$fpl$fretinf)
    x$fpl$frleqf                             0x08005c48   Section       98  frleqf.o(x$fpl$frleqf)
    .constdata                               0x08005caa   Section       18  stm32f1xx_hal_rcc.o(.constdata)
    x$fpl$usenofp                            0x08005caa   Section        0  usenofp.o(x$fpl$usenofp)
    aPLLMULFactorTable                       0x08005caa   Data          16  stm32f1xx_hal_rcc.o(.constdata)
    aPredivFactorTable                       0x08005cba   Data           2  stm32f1xx_hal_rcc.o(.constdata)
    .constdata                               0x08005cbc   Section       24  system_stm32f1xx.o(.constdata)
    .constdata                               0x08005cd4   Section     7500  font.o(.constdata)
    .data                                    0x20000000   Section        9  stm32f1xx_hal.o(.data)
    .data                                    0x2000000c   Section        4  system_stm32f1xx.o(.data)
    .data                                    0x20000010   Section       22  bj_motor.o(.data)
    .data                                    0x20000026   Section        4  oled.o(.data)
    sendBuffer                               0x20000026   Data           2  oled.o(.data)
    temp                                     0x20000028   Data           1  oled.o(.data)
    temp                                     0x20000029   Data           1  oled.o(.data)
    .data                                    0x2000002c   Section       11  userusart1.o(.data)
    .bss                                     0x20000038   Section       84  i2c.o(.bss)
    .bss                                     0x2000008c   Section      288  tim.o(.bss)
    .bss                                     0x200001ac   Section      280  usart.o(.bss)
    .bss                                     0x200002c4   Section       32  bj_motor.o(.bss)
    .bss                                     0x200002e4   Section     1153  oled.o(.bss)
    sendBuffer                               0x200006e4   Data         129  oled.o(.bss)
    .bss                                     0x20000765   Section      771  userusart1.o(.bss)
    .bss                                     0x20000a68   Section       96  libspace.o(.bss)
    HEAP                                     0x20000ac8   Section      512  startup_stm32f103xe.o(HEAP)
    Heap_Mem                                 0x20000ac8   Data         512  startup_stm32f103xe.o(HEAP)
    STACK                                    0x20000cc8   Section     1024  startup_stm32f103xe.o(STACK)
    Stack_Mem                                0x20000cc8   Data        1024  startup_stm32f103xe.o(STACK)
    __initial_sp                             0x200010c8   Data           0  startup_stm32f103xe.o(STACK)

    Global Symbols

    Symbol Name                              Value     Ov Type        Size  Object(Section)

    BuildAttributes$$THM_ISAv4$P$D$K$B$S$PE$A:L22UL41UL21$X:L11$S22US41US21$IEEE1$IW$USESV6$~STKCKD$USESV7$~SHL$OSPACE$ROPI$EBA8$UX$STANDARDLIB$REQ8$PRES8$EABIv2 0x00000000   Number         0  anon$$obj.o ABSOLUTE
    __ARM_use_no_argv                        0x00000000   Number         0  main.o ABSOLUTE
    __ARM_exceptions_init                     - Undefined Weak Reference
    __alloca_initialize                       - Undefined Weak Reference
    __arm_fini_                               - Undefined Weak Reference
    __arm_preinit_                            - Undefined Weak Reference
    __cpp_initialize__aeabi_                  - Undefined Weak Reference
    __cxa_finalize                            - Undefined Weak Reference
    __rt_locale                               - Undefined Weak Reference
    __sigvec_lookup                           - Undefined Weak Reference
    _atexit_init                              - Undefined Weak Reference
    _call_atexit_fns                          - Undefined Weak Reference
    _clock_init                               - Undefined Weak Reference
    _fp_trap_init                             - Undefined Weak Reference
    _fp_trap_shutdown                         - Undefined Weak Reference
    _get_lc_collate                           - Undefined Weak Reference
    _get_lc_ctype                             - Undefined Weak Reference
    _get_lc_monetary                          - Undefined Weak Reference
    _get_lc_numeric                           - Undefined Weak Reference
    _get_lc_time                              - Undefined Weak Reference
    _getenv_init                              - Undefined Weak Reference
    _handle_redirection                       - Undefined Weak Reference
    _init_alloc                               - Undefined Weak Reference
    _init_user_alloc                          - Undefined Weak Reference
    _initio                                   - Undefined Weak Reference
    _rand_init                                - Undefined Weak Reference
    _signal_finish                            - Undefined Weak Reference
    _signal_init                              - Undefined Weak Reference
    _terminate_alloc                          - Undefined Weak Reference
    _terminate_user_alloc                     - Undefined Weak Reference
    _terminateio                              - Undefined Weak Reference
    __Vectors_Size                           0x00000130   Number         0  startup_stm32f103xe.o ABSOLUTE
    __Vectors                                0x08000000   Data           4  startup_stm32f103xe.o(RESET)
    __Vectors_End                            0x08000130   Data           0  startup_stm32f103xe.o(RESET)
    __main                                   0x08000131   Thumb Code     8  __main.o(!!!main)
    __scatterload                            0x08000139   Thumb Code     0  __scatter.o(!!!scatter)
    __scatterload_rt2                        0x08000139   Thumb Code    44  __scatter.o(!!!scatter)
    __scatterload_rt2_thumb_only             0x08000139   Thumb Code     0  __scatter.o(!!!scatter)
    __scatterload_null                       0x08000147   Thumb Code     0  __scatter.o(!!!scatter)
    __scatterload_copy                       0x0800016d   Thumb Code    26  __scatter_copy.o(!!handler_copy)
    __scatterload_zeroinit                   0x08000189   Thumb Code    28  __scatter_zi.o(!!handler_zi)
    __rt_lib_init                            0x080001a5   Thumb Code     0  libinit.o(.ARM.Collect$$libinit$$00000000)
    __rt_lib_init_alloca_1                   0x080001a7   Thumb Code     0  libinit2.o(.ARM.Collect$$libinit$$0000002E)
    __rt_lib_init_argv_1                     0x080001a7   Thumb Code     0  libinit2.o(.ARM.Collect$$libinit$$0000002C)
    __rt_lib_init_atexit_1                   0x080001a7   Thumb Code     0  libinit2.o(.ARM.Collect$$libinit$$0000001B)
    __rt_lib_init_clock_1                    0x080001a7   Thumb Code     0  libinit2.o(.ARM.Collect$$libinit$$00000021)
    __rt_lib_init_cpp_1                      0x080001a7   Thumb Code     0  libinit2.o(.ARM.Collect$$libinit$$00000032)
    __rt_lib_init_exceptions_1               0x080001a7   Thumb Code     0  libinit2.o(.ARM.Collect$$libinit$$00000030)
    __rt_lib_init_fp_1                       0x080001a7   Thumb Code     0  libinit2.o(.ARM.Collect$$libinit$$00000002)
    __rt_lib_init_fp_trap_1                  0x080001a7   Thumb Code     0  libinit2.o(.ARM.Collect$$libinit$$0000001F)
    __rt_lib_init_getenv_1                   0x080001a7   Thumb Code     0  libinit2.o(.ARM.Collect$$libinit$$00000023)
    __rt_lib_init_heap_1                     0x080001a7   Thumb Code     0  libinit2.o(.ARM.Collect$$libinit$$0000000A)
    __rt_lib_init_lc_collate_1               0x080001a7   Thumb Code     0  libinit2.o(.ARM.Collect$$libinit$$00000011)
    __rt_lib_init_lc_ctype_1                 0x080001a7   Thumb Code     0  libinit2.o(.ARM.Collect$$libinit$$00000013)
    __rt_lib_init_lc_monetary_1              0x080001a7   Thumb Code     0  libinit2.o(.ARM.Collect$$libinit$$00000015)
    __rt_lib_init_lc_numeric_1               0x080001a7   Thumb Code     0  libinit2.o(.ARM.Collect$$libinit$$00000017)
    __rt_lib_init_lc_time_1                  0x080001a7   Thumb Code     0  libinit2.o(.ARM.Collect$$libinit$$00000019)
    __rt_lib_init_preinit_1                  0x080001a7   Thumb Code     0  libinit2.o(.ARM.Collect$$libinit$$00000004)
    __rt_lib_init_rand_1                     0x080001a7   Thumb Code     0  libinit2.o(.ARM.Collect$$libinit$$0000000E)
    __rt_lib_init_return                     0x080001a7   Thumb Code     0  libinit2.o(.ARM.Collect$$libinit$$00000033)
    __rt_lib_init_signal_1                   0x080001a7   Thumb Code     0  libinit2.o(.ARM.Collect$$libinit$$0000001D)
    __rt_lib_init_stdio_1                    0x080001a7   Thumb Code     0  libinit2.o(.ARM.Collect$$libinit$$00000025)
    __rt_lib_init_user_alloc_1               0x080001a7   Thumb Code     0  libinit2.o(.ARM.Collect$$libinit$$0000000C)
    __rt_lib_shutdown                        0x080001a9   Thumb Code     0  libshutdown.o(.ARM.Collect$$libshutdown$$00000000)
    __rt_lib_shutdown_cpp_1                  0x080001ab   Thumb Code     0  libshutdown2.o(.ARM.Collect$$libshutdown$$00000004)
    __rt_lib_shutdown_fini_1                 0x080001ab   Thumb Code     0  libshutdown2.o(.ARM.Collect$$libshutdown$$00000002)
    __rt_lib_shutdown_fp_trap_1              0x080001ab   Thumb Code     0  libshutdown2.o(.ARM.Collect$$libshutdown$$00000009)
    __rt_lib_shutdown_heap_1                 0x080001ab   Thumb Code     0  libshutdown2.o(.ARM.Collect$$libshutdown$$00000011)
    __rt_lib_shutdown_return                 0x080001ab   Thumb Code     0  libshutdown2.o(.ARM.Collect$$libshutdown$$00000012)
    __rt_lib_shutdown_signal_1               0x080001ab   Thumb Code     0  libshutdown2.o(.ARM.Collect$$libshutdown$$0000000C)
    __rt_lib_shutdown_stdio_1                0x080001ab   Thumb Code     0  libshutdown2.o(.ARM.Collect$$libshutdown$$00000006)
    __rt_lib_shutdown_user_alloc_1           0x080001ab   Thumb Code     0  libshutdown2.o(.ARM.Collect$$libshutdown$$0000000E)
    __rt_entry                               0x080001ad   Thumb Code     0  __rtentry.o(.ARM.Collect$$rtentry$$00000000)
    __rt_entry_presh_1                       0x080001ad   Thumb Code     0  __rtentry2.o(.ARM.Collect$$rtentry$$00000002)
    __rt_entry_sh                            0x080001ad   Thumb Code     0  __rtentry4.o(.ARM.Collect$$rtentry$$00000004)
    __rt_entry_li                            0x080001b3   Thumb Code     0  __rtentry2.o(.ARM.Collect$$rtentry$$0000000A)
    __rt_entry_postsh_1                      0x080001b3   Thumb Code     0  __rtentry2.o(.ARM.Collect$$rtentry$$00000009)
    __rt_entry_main                          0x080001b7   Thumb Code     0  __rtentry2.o(.ARM.Collect$$rtentry$$0000000D)
    __rt_entry_postli_1                      0x080001b7   Thumb Code     0  __rtentry2.o(.ARM.Collect$$rtentry$$0000000C)
    __rt_exit                                0x080001bf   Thumb Code     0  rtexit.o(.ARM.Collect$$rtexit$$00000000)
    __rt_exit_ls                             0x080001c1   Thumb Code     0  rtexit2.o(.ARM.Collect$$rtexit$$00000003)
    __rt_exit_prels_1                        0x080001c1   Thumb Code     0  rtexit2.o(.ARM.Collect$$rtexit$$00000002)
    __rt_exit_exit                           0x080001c5   Thumb Code     0  rtexit2.o(.ARM.Collect$$rtexit$$00000004)
    Reset_Handler                            0x080001cd   Thumb Code     8  startup_stm32f103xe.o(.text)
    ADC1_2_IRQHandler                        0x080001e7   Thumb Code     0  startup_stm32f103xe.o(.text)
    ADC3_IRQHandler                          0x080001e7   Thumb Code     0  startup_stm32f103xe.o(.text)
    CAN1_RX1_IRQHandler                      0x080001e7   Thumb Code     0  startup_stm32f103xe.o(.text)
    CAN1_SCE_IRQHandler                      0x080001e7   Thumb Code     0  startup_stm32f103xe.o(.text)
    DMA1_Channel1_IRQHandler                 0x080001e7   Thumb Code     0  startup_stm32f103xe.o(.text)
    DMA1_Channel2_IRQHandler                 0x080001e7   Thumb Code     0  startup_stm32f103xe.o(.text)
    DMA1_Channel3_IRQHandler                 0x080001e7   Thumb Code     0  startup_stm32f103xe.o(.text)
    DMA1_Channel6_IRQHandler                 0x080001e7   Thumb Code     0  startup_stm32f103xe.o(.text)
    DMA1_Channel7_IRQHandler                 0x080001e7   Thumb Code     0  startup_stm32f103xe.o(.text)
    DMA2_Channel1_IRQHandler                 0x080001e7   Thumb Code     0  startup_stm32f103xe.o(.text)
    DMA2_Channel2_IRQHandler                 0x080001e7   Thumb Code     0  startup_stm32f103xe.o(.text)
    DMA2_Channel3_IRQHandler                 0x080001e7   Thumb Code     0  startup_stm32f103xe.o(.text)
    DMA2_Channel4_5_IRQHandler               0x080001e7   Thumb Code     0  startup_stm32f103xe.o(.text)
    EXTI0_IRQHandler                         0x080001e7   Thumb Code     0  startup_stm32f103xe.o(.text)
    EXTI15_10_IRQHandler                     0x080001e7   Thumb Code     0  startup_stm32f103xe.o(.text)
    EXTI1_IRQHandler                         0x080001e7   Thumb Code     0  startup_stm32f103xe.o(.text)
    EXTI2_IRQHandler                         0x080001e7   Thumb Code     0  startup_stm32f103xe.o(.text)
    EXTI3_IRQHandler                         0x080001e7   Thumb Code     0  startup_stm32f103xe.o(.text)
    EXTI4_IRQHandler                         0x080001e7   Thumb Code     0  startup_stm32f103xe.o(.text)
    EXTI9_5_IRQHandler                       0x080001e7   Thumb Code     0  startup_stm32f103xe.o(.text)
    FLASH_IRQHandler                         0x080001e7   Thumb Code     0  startup_stm32f103xe.o(.text)
    FSMC_IRQHandler                          0x080001e7   Thumb Code     0  startup_stm32f103xe.o(.text)
    I2C1_ER_IRQHandler                       0x080001e7   Thumb Code     0  startup_stm32f103xe.o(.text)
    I2C1_EV_IRQHandler                       0x080001e7   Thumb Code     0  startup_stm32f103xe.o(.text)
    I2C2_ER_IRQHandler                       0x080001e7   Thumb Code     0  startup_stm32f103xe.o(.text)
    I2C2_EV_IRQHandler                       0x080001e7   Thumb Code     0  startup_stm32f103xe.o(.text)
    PVD_IRQHandler                           0x080001e7   Thumb Code     0  startup_stm32f103xe.o(.text)
    RCC_IRQHandler                           0x080001e7   Thumb Code     0  startup_stm32f103xe.o(.text)
    RTC_Alarm_IRQHandler                     0x080001e7   Thumb Code     0  startup_stm32f103xe.o(.text)
    RTC_IRQHandler                           0x080001e7   Thumb Code     0  startup_stm32f103xe.o(.text)
    SDIO_IRQHandler                          0x080001e7   Thumb Code     0  startup_stm32f103xe.o(.text)
    SPI1_IRQHandler                          0x080001e7   Thumb Code     0  startup_stm32f103xe.o(.text)
    SPI2_IRQHandler                          0x080001e7   Thumb Code     0  startup_stm32f103xe.o(.text)
    SPI3_IRQHandler                          0x080001e7   Thumb Code     0  startup_stm32f103xe.o(.text)
    TAMPER_IRQHandler                        0x080001e7   Thumb Code     0  startup_stm32f103xe.o(.text)
    TIM1_BRK_IRQHandler                      0x080001e7   Thumb Code     0  startup_stm32f103xe.o(.text)
    TIM1_CC_IRQHandler                       0x080001e7   Thumb Code     0  startup_stm32f103xe.o(.text)
    TIM1_TRG_COM_IRQHandler                  0x080001e7   Thumb Code     0  startup_stm32f103xe.o(.text)
    TIM1_UP_IRQHandler                       0x080001e7   Thumb Code     0  startup_stm32f103xe.o(.text)
    TIM2_IRQHandler                          0x080001e7   Thumb Code     0  startup_stm32f103xe.o(.text)
    TIM5_IRQHandler                          0x080001e7   Thumb Code     0  startup_stm32f103xe.o(.text)
    TIM6_IRQHandler                          0x080001e7   Thumb Code     0  startup_stm32f103xe.o(.text)
    TIM7_IRQHandler                          0x080001e7   Thumb Code     0  startup_stm32f103xe.o(.text)
    UART4_IRQHandler                         0x080001e7   Thumb Code     0  startup_stm32f103xe.o(.text)
    UART5_IRQHandler                         0x080001e7   Thumb Code     0  startup_stm32f103xe.o(.text)
    USART2_IRQHandler                        0x080001e7   Thumb Code     0  startup_stm32f103xe.o(.text)
    USART3_IRQHandler                        0x080001e7   Thumb Code     0  startup_stm32f103xe.o(.text)
    USBWakeUp_IRQHandler                     0x080001e7   Thumb Code     0  startup_stm32f103xe.o(.text)
    USB_HP_CAN1_TX_IRQHandler                0x080001e7   Thumb Code     0  startup_stm32f103xe.o(.text)
    USB_LP_CAN1_RX0_IRQHandler               0x080001e7   Thumb Code     0  startup_stm32f103xe.o(.text)
    WWDG_IRQHandler                          0x080001e7   Thumb Code     0  startup_stm32f103xe.o(.text)
    __user_initial_stackheap                 0x080001e9   Thumb Code     0  startup_stm32f103xe.o(.text)
    memcmp                                   0x0800020d   Thumb Code    88  memcmp.o(.text)
    __aeabi_memcpy                           0x08000265   Thumb Code     0  rt_memcpy_v6.o(.text)
    __rt_memcpy                              0x08000265   Thumb Code   138  rt_memcpy_v6.o(.text)
    _memcpy_lastbytes                        0x080002cb   Thumb Code     0  rt_memcpy_v6.o(.text)
    __aeabi_memclr                           0x080002ef   Thumb Code     0  rt_memclr.o(.text)
    __rt_memclr                              0x080002ef   Thumb Code    68  rt_memclr.o(.text)
    _memset                                  0x080002f3   Thumb Code     0  rt_memclr.o(.text)
    __aeabi_memclr4                          0x08000333   Thumb Code     0  rt_memclr_w.o(.text)
    __aeabi_memclr8                          0x08000333   Thumb Code     0  rt_memclr_w.o(.text)
    __rt_memclr_w                            0x08000333   Thumb Code    78  rt_memclr_w.o(.text)
    _memset_w                                0x08000337   Thumb Code     0  rt_memclr_w.o(.text)
    __use_two_region_memory                  0x08000381   Thumb Code     2  heapauxi.o(.text)
    __rt_heap_escrow$2region                 0x08000383   Thumb Code     2  heapauxi.o(.text)
    __rt_heap_expand$2region                 0x08000385   Thumb Code     2  heapauxi.o(.text)
    __aeabi_memcpy4                          0x08000387   Thumb Code     0  rt_memcpy_w.o(.text)
    __aeabi_memcpy8                          0x08000387   Thumb Code     0  rt_memcpy_w.o(.text)
    __rt_memcpy_w                            0x08000387   Thumb Code   100  rt_memcpy_w.o(.text)
    _memcpy_lastbytes_aligned                0x080003cf   Thumb Code     0  rt_memcpy_w.o(.text)
    __user_setup_stackheap                   0x080003eb   Thumb Code    74  sys_stackheap_outer.o(.text)
    exit                                     0x08000435   Thumb Code    18  exit.o(.text)
    __user_libspace                          0x08000449   Thumb Code     8  libspace.o(.text)
    __user_perproc_libspace                  0x08000449   Thumb Code     0  libspace.o(.text)
    __user_perthread_libspace                0x08000449   Thumb Code     0  libspace.o(.text)
    _sys_exit                                0x08000451   Thumb Code     8  sys_exit.o(.text)
    __I$use$semihosting                      0x0800045d   Thumb Code     0  use_no_semi.o(.text)
    __use_no_semihosting_swi                 0x0800045d   Thumb Code     2  use_no_semi.o(.text)
    __semihosting_library_function           0x0800045f   Thumb Code     0  indicate_semi.o(.text)
    BJMotor_Speed                            0x08000461   Thumb Code    46  bj_motor.o(i.BJMotor_Speed)
    BJMotor_distant                          0x0800049d   Thumb Code   248  bj_motor.o(i.BJMotor_distant)
    BusFault_Handler                         0x080005cd   Thumb Code     4  stm32f1xx_it.o(i.BusFault_Handler)
    DMA1_Channel4_IRQHandler                 0x080005d1   Thumb Code    10  stm32f1xx_it.o(i.DMA1_Channel4_IRQHandler)
    DMA1_Channel5_IRQHandler                 0x080005e1   Thumb Code    10  stm32f1xx_it.o(i.DMA1_Channel5_IRQHandler)
    DebugMon_Handler                         0x0800061d   Thumb Code     2  stm32f1xx_it.o(i.DebugMon_Handler)
    Error_Handler                            0x0800061f   Thumb Code     6  main.o(i.Error_Handler)
    HAL_DMA_Abort                            0x08000625   Thumb Code    86  stm32f1xx_hal_dma.o(i.HAL_DMA_Abort)
    HAL_DMA_Abort_IT                         0x0800067d   Thumb Code   414  stm32f1xx_hal_dma.o(i.HAL_DMA_Abort_IT)
    HAL_DMA_DeInit                           0x08000825   Thumb Code   132  stm32f1xx_hal_dma.o(i.HAL_DMA_DeInit)
    HAL_DMA_IRQHandler                       0x080008b1   Thumb Code   910  stm32f1xx_hal_dma.o(i.HAL_DMA_IRQHandler)
    HAL_DMA_Init                             0x08000c49   Thumb Code   132  stm32f1xx_hal_dma.o(i.HAL_DMA_Init)
    HAL_DMA_Start_IT                         0x08000cd5   Thumb Code   156  stm32f1xx_hal_dma.o(i.HAL_DMA_Start_IT)
    HAL_Delay                                0x08000d71   Thumb Code    36  stm32f1xx_hal.o(i.HAL_Delay)
    HAL_GPIO_DeInit                          0x08000d99   Thumb Code   308  stm32f1xx_hal_gpio.o(i.HAL_GPIO_DeInit)
    HAL_GPIO_Init                            0x08000eed   Thumb Code   792  stm32f1xx_hal_gpio.o(i.HAL_GPIO_Init)
    HAL_GPIO_WritePin                        0x0800122d   Thumb Code    12  stm32f1xx_hal_gpio.o(i.HAL_GPIO_WritePin)
    HAL_GetTick                              0x08001239   Thumb Code     6  stm32f1xx_hal.o(i.HAL_GetTick)
    HAL_I2C_Init                             0x08001245   Thumb Code   446  stm32f1xx_hal_i2c.o(i.HAL_I2C_Init)
    HAL_I2C_Master_Transmit                  0x08001415   Thumb Code   360  stm32f1xx_hal_i2c.o(i.HAL_I2C_Master_Transmit)
    HAL_I2C_MspInit                          0x08001585   Thumb Code   106  i2c.o(i.HAL_I2C_MspInit)
    HAL_IncTick                              0x080015fd   Thumb Code    16  stm32f1xx_hal.o(i.HAL_IncTick)
    HAL_Init                                 0x08001615   Thumb Code    34  stm32f1xx_hal.o(i.HAL_Init)
    HAL_InitTick                             0x0800163d   Thumb Code    64  stm32f1xx_hal.o(i.HAL_InitTick)
    HAL_MspInit                              0x08001689   Thumb Code    76  stm32f1xx_hal_msp.o(i.HAL_MspInit)
    HAL_NVIC_DisableIRQ                      0x080016dd   Thumb Code    62  stm32f1xx_hal_cortex.o(i.HAL_NVIC_DisableIRQ)
    HAL_NVIC_EnableIRQ                       0x08001721   Thumb Code    32  stm32f1xx_hal_cortex.o(i.HAL_NVIC_EnableIRQ)
    HAL_NVIC_SetPriority                     0x08001741   Thumb Code   124  stm32f1xx_hal_cortex.o(i.HAL_NVIC_SetPriority)
    HAL_NVIC_SetPriorityGrouping             0x080017bd   Thumb Code    32  stm32f1xx_hal_cortex.o(i.HAL_NVIC_SetPriorityGrouping)
    HAL_RCC_ClockConfig                      0x080017e5   Thumb Code   376  stm32f1xx_hal_rcc.o(i.HAL_RCC_ClockConfig)
    HAL_RCC_GetHCLKFreq                      0x08001971   Thumb Code     6  stm32f1xx_hal_rcc.o(i.HAL_RCC_GetHCLKFreq)
    HAL_RCC_GetPCLK1Freq                     0x0800197d   Thumb Code    22  stm32f1xx_hal_rcc.o(i.HAL_RCC_GetPCLK1Freq)
    HAL_RCC_GetPCLK2Freq                     0x0800199d   Thumb Code    22  stm32f1xx_hal_rcc.o(i.HAL_RCC_GetPCLK2Freq)
    HAL_RCC_GetSysClockFreq                  0x080019bd   Thumb Code    92  stm32f1xx_hal_rcc.o(i.HAL_RCC_GetSysClockFreq)
    HAL_RCC_OscConfig                        0x08001a2d   Thumb Code  1114  stm32f1xx_hal_rcc.o(i.HAL_RCC_OscConfig)
    HAL_SYSTICK_Config                       0x08001e91   Thumb Code    52  stm32f1xx_hal_cortex.o(i.HAL_SYSTICK_Config)
    HAL_TIMEx_BreakCallback                  0x08001ec5   Thumb Code     2  stm32f1xx_hal_tim_ex.o(i.HAL_TIMEx_BreakCallback)
    HAL_TIMEx_CommutCallback                 0x08001ec7   Thumb Code     2  stm32f1xx_hal_tim_ex.o(i.HAL_TIMEx_CommutCallback)
    HAL_TIMEx_ConfigBreakDeadTime            0x08001ec9   Thumb Code   116  stm32f1xx_hal_tim_ex.o(i.HAL_TIMEx_ConfigBreakDeadTime)
    HAL_TIMEx_MasterConfigSynchronization    0x08001f3d   Thumb Code   134  stm32f1xx_hal_tim_ex.o(i.HAL_TIMEx_MasterConfigSynchronization)
    HAL_TIM_Base_Init                        0x08001fd9   Thumb Code   102  stm32f1xx_hal_tim.o(i.HAL_TIM_Base_Init)
    HAL_TIM_Base_MspInit                     0x08002041   Thumb Code   250  tim.o(i.HAL_TIM_Base_MspInit)
    HAL_TIM_ConfigClockSource                0x08002151   Thumb Code   268  stm32f1xx_hal_tim.o(i.HAL_TIM_ConfigClockSource)
    HAL_TIM_IC_CaptureCallback               0x0800225d   Thumb Code     2  stm32f1xx_hal_tim.o(i.HAL_TIM_IC_CaptureCallback)
    HAL_TIM_IRQHandler                       0x0800225f   Thumb Code   364  stm32f1xx_hal_tim.o(i.HAL_TIM_IRQHandler)
    HAL_TIM_MspPostInit                      0x080023cd   Thumb Code   240  tim.o(i.HAL_TIM_MspPostInit)
    HAL_TIM_OC_DelayElapsedCallback          0x080024dd   Thumb Code     2  stm32f1xx_hal_tim.o(i.HAL_TIM_OC_DelayElapsedCallback)
    HAL_TIM_PWM_ConfigChannel                0x080024df   Thumb Code   260  stm32f1xx_hal_tim.o(i.HAL_TIM_PWM_ConfigChannel)
    HAL_TIM_PWM_Init                         0x080025e3   Thumb Code   102  stm32f1xx_hal_tim.o(i.HAL_TIM_PWM_Init)
    HAL_TIM_PWM_MspInit                      0x08002649   Thumb Code     2  stm32f1xx_hal_tim.o(i.HAL_TIM_PWM_MspInit)
    HAL_TIM_PWM_PulseFinishedCallback        0x0800264d   Thumb Code   180  bj_motor.o(i.HAL_TIM_PWM_PulseFinishedCallback)
    HAL_TIM_PWM_Start                        0x0800273d   Thumb Code   222  stm32f1xx_hal_tim.o(i.HAL_TIM_PWM_Start)
    HAL_TIM_PWM_Start_IT                     0x08002831   Thumb Code   304  stm32f1xx_hal_tim.o(i.HAL_TIM_PWM_Start_IT)
    HAL_TIM_PWM_Stop_IT                      0x08002975   Thumb Code   244  stm32f1xx_hal_tim.o(i.HAL_TIM_PWM_Stop_IT)
    HAL_TIM_PeriodElapsedCallback            0x08002a71   Thumb Code     2  stm32f1xx_hal_tim.o(i.HAL_TIM_PeriodElapsedCallback)
    HAL_TIM_TriggerCallback                  0x08002a73   Thumb Code     2  stm32f1xx_hal_tim.o(i.HAL_TIM_TriggerCallback)
    HAL_UARTEx_RxEventCallback               0x08002a75   Thumb Code     2  stm32f1xx_hal_uart.o(i.HAL_UARTEx_RxEventCallback)
    HAL_UART_AbortReceiveCpltCallback        0x08002a77   Thumb Code     2  stm32f1xx_hal_uart.o(i.HAL_UART_AbortReceiveCpltCallback)
    HAL_UART_AbortReceive_IT                 0x08002a79   Thumb Code   212  stm32f1xx_hal_uart.o(i.HAL_UART_AbortReceive_IT)
    HAL_UART_DMAStop                         0x08002b51   Thumb Code   138  stm32f1xx_hal_uart.o(i.HAL_UART_DMAStop)
    HAL_UART_DeInit                          0x08002bdb   Thumb Code    62  stm32f1xx_hal_uart.o(i.HAL_UART_DeInit)
    HAL_UART_ErrorCallback                   0x08002c19   Thumb Code     2  stm32f1xx_hal_uart.o(i.HAL_UART_ErrorCallback)
    HAL_UART_IRQHandler                      0x08002c1d   Thumb Code   736  stm32f1xx_hal_uart.o(i.HAL_UART_IRQHandler)
    HAL_UART_IdleCallback                    0x08002f01   Thumb Code    26  userusart1.o(i.HAL_UART_IdleCallback)
    HAL_UART_Init                            0x08002f25   Thumb Code   118  stm32f1xx_hal_uart.o(i.HAL_UART_Init)
    HAL_UART_MspDeInit                       0x08002f9d   Thumb Code    84  usart.o(i.HAL_UART_MspDeInit)
    HAL_UART_MspInit                         0x08003001   Thumb Code   342  usart.o(i.HAL_UART_MspInit)
    HAL_UART_Receive_DMA                     0x08003175   Thumb Code    44  stm32f1xx_hal_uart.o(i.HAL_UART_Receive_DMA)
    HAL_UART_Receive_IT                      0x080031a1   Thumb Code    44  stm32f1xx_hal_uart.o(i.HAL_UART_Receive_IT)
    HAL_UART_RxCpltCallback                  0x080031cd   Thumb Code    18  userusart1.o(i.HAL_UART_RxCpltCallback)
    HAL_UART_RxHalfCpltCallback              0x080031e5   Thumb Code     2  stm32f1xx_hal_uart.o(i.HAL_UART_RxHalfCpltCallback)
    HAL_UART_Transmit                        0x080031e7   Thumb Code   190  stm32f1xx_hal_uart.o(i.HAL_UART_Transmit)
    HAL_UART_Transmit_DMA                    0x080032a5   Thumb Code   128  stm32f1xx_hal_uart.o(i.HAL_UART_Transmit_DMA)
    HAL_UART_TxCpltCallback                  0x08003331   Thumb Code    18  userusart1.o(i.HAL_UART_TxCpltCallback)
    HAL_UART_TxHalfCpltCallback              0x08003349   Thumb Code     2  stm32f1xx_hal_uart.o(i.HAL_UART_TxHalfCpltCallback)
    HardFault_Handler                        0x0800334b   Thumb Code     4  stm32f1xx_it.o(i.HardFault_Handler)
    MX_DMA_Init                              0x080036d1   Thumb Code    64  dma.o(i.MX_DMA_Init)
    MX_GPIO_Init                             0x08003715   Thumb Code   200  gpio.o(i.MX_GPIO_Init)
    MX_I2C2_Init                             0x080037e9   Thumb Code    48  i2c.o(i.MX_I2C2_Init)
    MX_TIM3_Init                             0x08003825   Thumb Code   154  tim.o(i.MX_TIM3_Init)
    MX_TIM4_Init                             0x080038c9   Thumb Code   156  tim.o(i.MX_TIM4_Init)
    MX_TIM5_Init                             0x0800396d   Thumb Code   158  tim.o(i.MX_TIM5_Init)
    MX_TIM8_Init                             0x08003a15   Thumb Code   206  tim.o(i.MX_TIM8_Init)
    MX_USART1_UART_Init                      0x08003aed   Thumb Code    46  usart.o(i.MX_USART1_UART_Init)
    MX_USART2_UART_Init                      0x08003b25   Thumb Code    46  usart.o(i.MX_USART2_UART_Init)
    MemManage_Handler                        0x08003b5d   Thumb Code     4  stm32f1xx_it.o(i.MemManage_Handler)
    NMI_Handler                              0x08003b61   Thumb Code     4  stm32f1xx_it.o(i.NMI_Handler)
    OLED_Init                                0x08003b65   Thumb Code   180  oled.o(i.OLED_Init)
    OLED_NewFrame                            0x08003c19   Thumb Code    14  oled.o(i.OLED_NewFrame)
    OLED_PrintASCIIChar                      0x08003c2d   Thumb Code    64  oled.o(i.OLED_PrintASCIIChar)
    OLED_PrintString                         0x08003c6d   Thumb Code   222  oled.o(i.OLED_PrintString)
    OLED_Send                                0x08003d4d   Thumb Code    26  oled.o(i.OLED_Send)
    OLED_SendCmd                             0x08003d6d   Thumb Code    16  oled.o(i.OLED_SendCmd)
    OLED_SetBits                             0x08003d81   Thumb Code    98  oled.o(i.OLED_SetBits)
    OLED_SetBits_Fine                        0x08003de3   Thumb Code   136  oled.o(i.OLED_SetBits_Fine)
    OLED_SetBlock                            0x08003e6b   Thumb Code   154  oled.o(i.OLED_SetBlock)
    OLED_SetByte_Fine                        0x08003f05   Thumb Code   116  oled.o(i.OLED_SetByte_Fine)
    OLED_ShowFrame                           0x08003f81   Thumb Code    68  oled.o(i.OLED_ShowFrame)
    PendSV_Handler                           0x08003fcd   Thumb Code     2  stm32f1xx_it.o(i.PendSV_Handler)
    QZ_points                                0x08003fd1   Thumb Code  2728  fun.o(i.QZ_points)
    SVC_Handler                              0x08004ad9   Thumb Code     2  stm32f1xx_it.o(i.SVC_Handler)
    SysTick_Handler                          0x08004adb   Thumb Code     8  stm32f1xx_it.o(i.SysTick_Handler)
    SystemClock_Config                       0x08004ae3   Thumb Code   102  main.o(i.SystemClock_Config)
    SystemInit                               0x08004b49   Thumb Code     2  system_stm32f1xx.o(i.SystemInit)
    TIM3_IRQHandler                          0x08004b4d   Thumb Code    10  stm32f1xx_it.o(i.TIM3_IRQHandler)
    TIM4_IRQHandler                          0x08004b5d   Thumb Code    10  stm32f1xx_it.o(i.TIM4_IRQHandler)
    TIM8_BRK_IRQHandler                      0x08004b6d   Thumb Code    10  stm32f1xx_it.o(i.TIM8_BRK_IRQHandler)
    TIM8_CC_IRQHandler                       0x08004b7d   Thumb Code    10  stm32f1xx_it.o(i.TIM8_CC_IRQHandler)
    TIM8_TRG_COM_IRQHandler                  0x08004b8d   Thumb Code    10  stm32f1xx_it.o(i.TIM8_TRG_COM_IRQHandler)
    TIM8_UP_IRQHandler                       0x08004b9d   Thumb Code    10  stm32f1xx_it.o(i.TIM8_UP_IRQHandler)
    TIM_Base_SetConfig                       0x08004bad   Thumb Code   150  stm32f1xx_hal_tim.o(i.TIM_Base_SetConfig)
    TIM_CCxChannelCmd                        0x08004c59   Thumb Code    34  stm32f1xx_hal_tim.o(i.TIM_CCxChannelCmd)
    TIM_ETR_SetConfig                        0x08004c7b   Thumb Code    22  stm32f1xx_hal_tim.o(i.TIM_ETR_SetConfig)
    TIM_OC2_SetConfig                        0x08004d15   Thumb Code   114  stm32f1xx_hal_tim.o(i.TIM_OC2_SetConfig)
    UART_Start_Receive_DMA                   0x08005315   Thumb Code   186  stm32f1xx_hal_uart.o(i.UART_Start_Receive_DMA)
    UART_Start_Receive_IT                    0x080053dd   Thumb Code    64  stm32f1xx_hal_uart.o(i.UART_Start_Receive_IT)
    USART1_EndTxd_IRQHandler                 0x08005509   Thumb Code     8  userusart1.o(i.USART1_EndTxd_IRQHandler)
    USART1_IDLE_IRQHandler                   0x08005515   Thumb Code    82  userusart1.o(i.USART1_IDLE_IRQHandler)
    USART1_IRQHandler                        0x08005575   Thumb Code    16  stm32f1xx_it.o(i.USART1_IRQHandler)
    USART1_RXD_IRQHandler                    0x08005589   Thumb Code    56  userusart1.o(i.USART1_RXD_IRQHandler)
    UsageFault_Handler                       0x080055c9   Thumb Code     4  stm32f1xx_it.o(i.UsageFault_Handler)
    Usart1_ReadData                          0x080055cd   Thumb Code    40  userusart1.o(i.Usart1_ReadData)
    Usart1_SendData                          0x08005605   Thumb Code    82  userusart1.o(i.Usart1_SendData)
    Usart1_init                              0x08005665   Thumb Code    40  userusart1.o(i.Usart1_init)
    _OLED_GetUTF8Len                         0x0800569d   Thumb Code    60  oled.o(i._OLED_GetUTF8Len)
    lcd_show                                 0x08005711   Thumb Code    68  fun.o(i.lcd_show)
    main                                     0x0800575d   Thumb Code    92  main.o(i.main)
    user_uart_process                        0x080057bd   Thumb Code   488  userusart1.o(i.user_uart_process)
    __fpl_fcmp_Inf                           0x080059f1   Thumb Code    24  fcmpi.o(x$fpl$fcmpinf)
    __aeabi_f2uiz                            0x08005a09   Thumb Code     0  ffixu.o(x$fpl$ffixu)
    _ffixu                                   0x08005a09   Thumb Code    62  ffixu.o(x$fpl$ffixu)
    __aeabi_cfcmple                          0x08005a49   Thumb Code     0  fleqf.o(x$fpl$fleqf)
    _fcmple                                  0x08005a49   Thumb Code   104  fleqf.o(x$fpl$fleqf)
    __fpl_fcmple_InfNaN                      0x08005a9b   Thumb Code     0  fleqf.o(x$fpl$fleqf)
    __aeabi_fmul                             0x08005ab1   Thumb Code     0  fmul.o(x$fpl$fmul)
    _fmul                                    0x08005ab1   Thumb Code   258  fmul.o(x$fpl$fmul)
    __fpl_fnaninf                            0x08005bb3   Thumb Code   140  fnaninf.o(x$fpl$fnaninf)
    __fpl_fretinf                            0x08005c3f   Thumb Code    10  fretinf.o(x$fpl$fretinf)
    __aeabi_cfrcmple                         0x08005c49   Thumb Code     0  frleqf.o(x$fpl$frleqf)
    _frcmple                                 0x08005c49   Thumb Code    98  frleqf.o(x$fpl$frleqf)
    __I$use$fp                               0x08005caa   Number         0  usenofp.o(x$fpl$usenofp)
    AHBPrescTable                            0x08005cbc   Data          16  system_stm32f1xx.o(.constdata)
    APBPrescTable                            0x08005ccc   Data           8  system_stm32f1xx.o(.constdata)
    ascii_8x6                                0x08005cd4   Data         552  font.o(.constdata)
    afont8x6                                 0x08005efc   Data           8  font.o(.constdata)
    ascii_12x6                               0x08005f04   Data        1140  font.o(.constdata)
    afont12x6                                0x08006378   Data           8  font.o(.constdata)
    ascii_16x8                               0x08006380   Data        1520  font.o(.constdata)
    afont16x8                                0x08006970   Data           8  font.o(.constdata)
    ascii_24x12                              0x08006978   Data        3420  font.o(.constdata)
    afont24x12                               0x080076d4   Data           8  font.o(.constdata)
    zh16x16                                  0x080076dc   Data         504  font.o(.constdata)
    font16x16                                0x080078d4   Data          16  font.o(.constdata)
    bilibiliData                             0x080078e4   Data         306  font.o(.constdata)
    bilibiliImg                              0x08007a18   Data           8  font.o(.constdata)
    Region$$Table$$Base                      0x08007a20   Number         0  anon$$obj.o(Region$$Table)
    Region$$Table$$Limit                     0x08007a40   Number         0  anon$$obj.o(Region$$Table)
    uwTick                                   0x20000000   Data           4  stm32f1xx_hal.o(.data)
    uwTickPrio                               0x20000004   Data           4  stm32f1xx_hal.o(.data)
    uwTickFreq                               0x20000008   Data           1  stm32f1xx_hal.o(.data)
    SystemCoreClock                          0x2000000c   Data           4  system_stm32f1xx.o(.data)
    PWM_num_1                                0x20000010   Data           4  bj_motor.o(.data)
    PWM_num_2                                0x20000014   Data           4  bj_motor.o(.data)
    PWM_num_3                                0x20000018   Data           4  bj_motor.o(.data)
    y1                                       0x2000001c   Data           2  bj_motor.o(.data)
    y2                                       0x2000001e   Data           2  bj_motor.o(.data)
    y3                                       0x20000020   Data           2  bj_motor.o(.data)
    i                                        0x20000022   Data           1  bj_motor.o(.data)
    motor1                                   0x20000023   Data           1  bj_motor.o(.data)
    motor3                                   0x20000024   Data           1  bj_motor.o(.data)
    motor2                                   0x20000025   Data           1  bj_motor.o(.data)
    last_rx_time                             0x2000002c   Data           4  userusart1.o(.data)
    usart1_SendLen                           0x20000030   Data           2  userusart1.o(.data)
    usart1_RecvLen                           0x20000032   Data           2  userusart1.o(.data)
    usart1_recvFrame                         0x20000034   Data           1  userusart1.o(.data)
    game_times                               0x20000035   Data           1  userusart1.o(.data)
    uart_flag                                0x20000036   Data           1  userusart1.o(.data)
    hi2c2                                    0x20000038   Data          84  i2c.o(.bss)
    htim3                                    0x2000008c   Data          72  tim.o(.bss)
    htim4                                    0x200000d4   Data          72  tim.o(.bss)
    htim5                                    0x2000011c   Data          72  tim.o(.bss)
    htim8                                    0x20000164   Data          72  tim.o(.bss)
    huart1                                   0x200001ac   Data          72  usart.o(.bss)
    huart2                                   0x200001f4   Data          72  usart.o(.bss)
    hdma_usart1_rx                           0x2000023c   Data          68  usart.o(.bss)
    hdma_usart1_tx                           0x20000280   Data          68  usart.o(.bss)
    record                                   0x200002c4   Data          32  bj_motor.o(.bss)
    OLED_GRAM                                0x200002e4   Data        1024  oled.o(.bss)
    usart1_SendBuf                           0x20000765   Data         257  userusart1.o(.bss)
    c                                        0x20000866   Data         257  userusart1.o(.bss)
    usart1_RecvBuf                           0x20000967   Data         257  userusart1.o(.bss)
    __libspace_start                         0x20000a68   Data          96  libspace.o(.bss)
    __temporary_stack_top$libspace           0x20000ac8   Data           0  libspace.o(.bss)



==============================================================================

Memory Map of the image

  Image Entry point : 0x08000131

  Load Region LR_IROM1 (Base: 0x08000000, Size: 0x00007a78, Max: 0x00040000, ABSOLUTE)

    Execution Region ER_IROM1 (Exec base: 0x08000000, Load base: 0x08000000, Size: 0x00007a40, Max: 0x00040000, ABSOLUTE)

    Exec Addr    Load Addr    Size         Type   Attr      Idx    E Section Name        Object

    0x08000000   0x08000000   0x00000130   Data   RO            3    RESET               startup_stm32f103xe.o
    0x08000130   0x08000130   0x00000008   Code   RO         3877  * !!!main             c_w.l(__main.o)
    0x08000138   0x08000138   0x00000034   Code   RO         4083    !!!scatter          c_w.l(__scatter.o)
    0x0800016c   0x0800016c   0x0000001a   Code   RO         4085    !!handler_copy      c_w.l(__scatter_copy.o)
    0x08000186   0x08000186   0x00000002   PAD
    0x08000188   0x08000188   0x0000001c   Code   RO         4087    !!handler_zi        c_w.l(__scatter_zi.o)
    0x080001a4   0x080001a4   0x00000002   Code   RO         3951    .ARM.Collect$$libinit$$00000000  c_w.l(libinit.o)
    0x080001a6   0x080001a6   0x00000000   Code   RO         3958    .ARM.Collect$$libinit$$00000002  c_w.l(libinit2.o)
    0x080001a6   0x080001a6   0x00000000   Code   RO         3960    .ARM.Collect$$libinit$$00000004  c_w.l(libinit2.o)
    0x080001a6   0x080001a6   0x00000000   Code   RO         3963    .ARM.Collect$$libinit$$0000000A  c_w.l(libinit2.o)
    0x080001a6   0x080001a6   0x00000000   Code   RO         3965    .ARM.Collect$$libinit$$0000000C  c_w.l(libinit2.o)
    0x080001a6   0x080001a6   0x00000000   Code   RO         3967    .ARM.Collect$$libinit$$0000000E  c_w.l(libinit2.o)
    0x080001a6   0x080001a6   0x00000000   Code   RO         3970    .ARM.Collect$$libinit$$00000011  c_w.l(libinit2.o)
    0x080001a6   0x080001a6   0x00000000   Code   RO         3972    .ARM.Collect$$libinit$$00000013  c_w.l(libinit2.o)
    0x080001a6   0x080001a6   0x00000000   Code   RO         3974    .ARM.Collect$$libinit$$00000015  c_w.l(libinit2.o)
    0x080001a6   0x080001a6   0x00000000   Code   RO         3976    .ARM.Collect$$libinit$$00000017  c_w.l(libinit2.o)
    0x080001a6   0x080001a6   0x00000000   Code   RO         3978    .ARM.Collect$$libinit$$00000019  c_w.l(libinit2.o)
    0x080001a6   0x080001a6   0x00000000   Code   RO         3980    .ARM.Collect$$libinit$$0000001B  c_w.l(libinit2.o)
    0x080001a6   0x080001a6   0x00000000   Code   RO         3982    .ARM.Collect$$libinit$$0000001D  c_w.l(libinit2.o)
    0x080001a6   0x080001a6   0x00000000   Code   RO         3984    .ARM.Collect$$libinit$$0000001F  c_w.l(libinit2.o)
    0x080001a6   0x080001a6   0x00000000   Code   RO         3986    .ARM.Collect$$libinit$$00000021  c_w.l(libinit2.o)
    0x080001a6   0x080001a6   0x00000000   Code   RO         3988    .ARM.Collect$$libinit$$00000023  c_w.l(libinit2.o)
    0x080001a6   0x080001a6   0x00000000   Code   RO         3990    .ARM.Collect$$libinit$$00000025  c_w.l(libinit2.o)
    0x080001a6   0x080001a6   0x00000000   Code   RO         3994    .ARM.Collect$$libinit$$0000002C  c_w.l(libinit2.o)
    0x080001a6   0x080001a6   0x00000000   Code   RO         3996    .ARM.Collect$$libinit$$0000002E  c_w.l(libinit2.o)
    0x080001a6   0x080001a6   0x00000000   Code   RO         3998    .ARM.Collect$$libinit$$00000030  c_w.l(libinit2.o)
    0x080001a6   0x080001a6   0x00000000   Code   RO         4000    .ARM.Collect$$libinit$$00000032  c_w.l(libinit2.o)
    0x080001a6   0x080001a6   0x00000002   Code   RO         4001    .ARM.Collect$$libinit$$00000033  c_w.l(libinit2.o)
    0x080001a8   0x080001a8   0x00000002   Code   RO         4021    .ARM.Collect$$libshutdown$$00000000  c_w.l(libshutdown.o)
    0x080001aa   0x080001aa   0x00000000   Code   RO         4034    .ARM.Collect$$libshutdown$$00000002  c_w.l(libshutdown2.o)
    0x080001aa   0x080001aa   0x00000000   Code   RO         4036    .ARM.Collect$$libshutdown$$00000004  c_w.l(libshutdown2.o)
    0x080001aa   0x080001aa   0x00000000   Code   RO         4038    .ARM.Collect$$libshutdown$$00000006  c_w.l(libshutdown2.o)
    0x080001aa   0x080001aa   0x00000000   Code   RO         4041    .ARM.Collect$$libshutdown$$00000009  c_w.l(libshutdown2.o)
    0x080001aa   0x080001aa   0x00000000   Code   RO         4044    .ARM.Collect$$libshutdown$$0000000C  c_w.l(libshutdown2.o)
    0x080001aa   0x080001aa   0x00000000   Code   RO         4046    .ARM.Collect$$libshutdown$$0000000E  c_w.l(libshutdown2.o)
    0x080001aa   0x080001aa   0x00000000   Code   RO         4049    .ARM.Collect$$libshutdown$$00000011  c_w.l(libshutdown2.o)
    0x080001aa   0x080001aa   0x00000002   Code   RO         4050    .ARM.Collect$$libshutdown$$00000012  c_w.l(libshutdown2.o)
    0x080001ac   0x080001ac   0x00000000   Code   RO         3911    .ARM.Collect$$rtentry$$00000000  c_w.l(__rtentry.o)
    0x080001ac   0x080001ac   0x00000000   Code   RO         3926    .ARM.Collect$$rtentry$$00000002  c_w.l(__rtentry2.o)
    0x080001ac   0x080001ac   0x00000006   Code   RO         3938    .ARM.Collect$$rtentry$$00000004  c_w.l(__rtentry4.o)
    0x080001b2   0x080001b2   0x00000000   Code   RO         3928    .ARM.Collect$$rtentry$$00000009  c_w.l(__rtentry2.o)
    0x080001b2   0x080001b2   0x00000004   Code   RO         3929    .ARM.Collect$$rtentry$$0000000A  c_w.l(__rtentry2.o)
    0x080001b6   0x080001b6   0x00000000   Code   RO         3931    .ARM.Collect$$rtentry$$0000000C  c_w.l(__rtentry2.o)
    0x080001b6   0x080001b6   0x00000008   Code   RO         3932    .ARM.Collect$$rtentry$$0000000D  c_w.l(__rtentry2.o)
    0x080001be   0x080001be   0x00000002   Code   RO         3955    .ARM.Collect$$rtexit$$00000000  c_w.l(rtexit.o)
    0x080001c0   0x080001c0   0x00000000   Code   RO         4003    .ARM.Collect$$rtexit$$00000002  c_w.l(rtexit2.o)
    0x080001c0   0x080001c0   0x00000004   Code   RO         4004    .ARM.Collect$$rtexit$$00000003  c_w.l(rtexit2.o)
    0x080001c4   0x080001c4   0x00000006   Code   RO         4005    .ARM.Collect$$rtexit$$00000004  c_w.l(rtexit2.o)
    0x080001ca   0x080001ca   0x00000002   PAD
    0x080001cc   0x080001cc   0x00000040   Code   RO            4    .text               startup_stm32f103xe.o
    0x0800020c   0x0800020c   0x00000058   Code   RO         3867    .text               c_w.l(memcmp.o)
    0x08000264   0x08000264   0x0000008a   Code   RO         3869    .text               c_w.l(rt_memcpy_v6.o)
    0x080002ee   0x080002ee   0x00000044   Code   RO         3871    .text               c_w.l(rt_memclr.o)
    0x08000332   0x08000332   0x0000004e   Code   RO         3873    .text               c_w.l(rt_memclr_w.o)
    0x08000380   0x08000380   0x00000006   Code   RO         3875    .text               c_w.l(heapauxi.o)
    0x08000386   0x08000386   0x00000064   Code   RO         3912    .text               c_w.l(rt_memcpy_w.o)
    0x080003ea   0x080003ea   0x0000004a   Code   RO         3942    .text               c_w.l(sys_stackheap_outer.o)
    0x08000434   0x08000434   0x00000012   Code   RO         3944    .text               c_w.l(exit.o)
    0x08000446   0x08000446   0x00000002   PAD
    0x08000448   0x08000448   0x00000008   Code   RO         3952    .text               c_w.l(libspace.o)
    0x08000450   0x08000450   0x0000000c   Code   RO         4013    .text               c_w.l(sys_exit.o)
    0x0800045c   0x0800045c   0x00000002   Code   RO         4024    .text               c_w.l(use_no_semi.o)
    0x0800045e   0x0800045e   0x00000000   Code   RO         4026    .text               c_w.l(indicate_semi.o)
    0x0800045e   0x0800045e   0x00000002   PAD
    0x08000460   0x08000460   0x0000003c   Code   RO         3458    i.BJMotor_Speed     bj_motor.o
    0x0800049c   0x0800049c   0x00000130   Code   RO         3460    i.BJMotor_distant   bj_motor.o
    0x080005cc   0x080005cc   0x00000004   Code   RO          389    i.BusFault_Handler  stm32f1xx_it.o
    0x080005d0   0x080005d0   0x00000010   Code   RO          390    i.DMA1_Channel4_IRQHandler  stm32f1xx_it.o
    0x080005e0   0x080005e0   0x00000010   Code   RO          391    i.DMA1_Channel5_IRQHandler  stm32f1xx_it.o
    0x080005f0   0x080005f0   0x0000002c   Code   RO         1441    i.DMA_SetConfig     stm32f1xx_hal_dma.o
    0x0800061c   0x0800061c   0x00000002   Code   RO          392    i.DebugMon_Handler  stm32f1xx_it.o
    0x0800061e   0x0800061e   0x00000006   Code   RO           13    i.Error_Handler     main.o
    0x08000624   0x08000624   0x00000056   Code   RO         1442    i.HAL_DMA_Abort     stm32f1xx_hal_dma.o
    0x0800067a   0x0800067a   0x00000002   PAD
    0x0800067c   0x0800067c   0x000001a8   Code   RO         1443    i.HAL_DMA_Abort_IT  stm32f1xx_hal_dma.o
    0x08000824   0x08000824   0x0000008c   Code   RO         1444    i.HAL_DMA_DeInit    stm32f1xx_hal_dma.o
    0x080008b0   0x080008b0   0x00000398   Code   RO         1447    i.HAL_DMA_IRQHandler  stm32f1xx_hal_dma.o
    0x08000c48   0x08000c48   0x0000008c   Code   RO         1448    i.HAL_DMA_Init      stm32f1xx_hal_dma.o
    0x08000cd4   0x08000cd4   0x0000009c   Code   RO         1452    i.HAL_DMA_Start_IT  stm32f1xx_hal_dma.o
    0x08000d70   0x08000d70   0x00000028   Code   RO         1063    i.HAL_Delay         stm32f1xx_hal.o
    0x08000d98   0x08000d98   0x00000154   Code   RO         1375    i.HAL_GPIO_DeInit   stm32f1xx_hal_gpio.o
    0x08000eec   0x08000eec   0x00000340   Code   RO         1378    i.HAL_GPIO_Init     stm32f1xx_hal_gpio.o
    0x0800122c   0x0800122c   0x0000000c   Code   RO         1382    i.HAL_GPIO_WritePin  stm32f1xx_hal_gpio.o
    0x08001238   0x08001238   0x0000000c   Code   RO         1067    i.HAL_GetTick       stm32f1xx_hal.o
    0x08001244   0x08001244   0x000001d0   Code   RO          590    i.HAL_I2C_Init      stm32f1xx_hal_i2c.o
    0x08001414   0x08001414   0x00000170   Code   RO          603    i.HAL_I2C_Master_Transmit  stm32f1xx_hal_i2c.o
    0x08001584   0x08001584   0x00000078   Code   RO          234    i.HAL_I2C_MspInit   i2c.o
    0x080015fc   0x080015fc   0x00000018   Code   RO         1073    i.HAL_IncTick       stm32f1xx_hal.o
    0x08001614   0x08001614   0x00000028   Code   RO         1074    i.HAL_Init          stm32f1xx_hal.o
    0x0800163c   0x0800163c   0x0000004c   Code   RO         1075    i.HAL_InitTick      stm32f1xx_hal.o
    0x08001688   0x08001688   0x00000054   Code   RO          519    i.HAL_MspInit       stm32f1xx_hal_msp.o
    0x080016dc   0x080016dc   0x00000044   Code   RO         1537    i.HAL_NVIC_DisableIRQ  stm32f1xx_hal_cortex.o
    0x08001720   0x08001720   0x00000020   Code   RO         1538    i.HAL_NVIC_EnableIRQ  stm32f1xx_hal_cortex.o
    0x08001740   0x08001740   0x0000007c   Code   RO         1544    i.HAL_NVIC_SetPriority  stm32f1xx_hal_cortex.o
    0x080017bc   0x080017bc   0x00000028   Code   RO         1545    i.HAL_NVIC_SetPriorityGrouping  stm32f1xx_hal_cortex.o
    0x080017e4   0x080017e4   0x0000018c   Code   RO         1231    i.HAL_RCC_ClockConfig  stm32f1xx_hal_rcc.o
    0x08001970   0x08001970   0x0000000c   Code   RO         1236    i.HAL_RCC_GetHCLKFreq  stm32f1xx_hal_rcc.o
    0x0800197c   0x0800197c   0x00000020   Code   RO         1238    i.HAL_RCC_GetPCLK1Freq  stm32f1xx_hal_rcc.o
    0x0800199c   0x0800199c   0x00000020   Code   RO         1239    i.HAL_RCC_GetPCLK2Freq  stm32f1xx_hal_rcc.o
    0x080019bc   0x080019bc   0x00000070   Code   RO         1240    i.HAL_RCC_GetSysClockFreq  stm32f1xx_hal_rcc.o
    0x08001a2c   0x08001a2c   0x00000464   Code   RO         1243    i.HAL_RCC_OscConfig  stm32f1xx_hal_rcc.o
    0x08001e90   0x08001e90   0x00000034   Code   RO         1549    i.HAL_SYSTICK_Config  stm32f1xx_hal_cortex.o
    0x08001ec4   0x08001ec4   0x00000002   Code   RO         2781    i.HAL_TIMEx_BreakCallback  stm32f1xx_hal_tim_ex.o
    0x08001ec6   0x08001ec6   0x00000002   Code   RO         2782    i.HAL_TIMEx_CommutCallback  stm32f1xx_hal_tim_ex.o
    0x08001ec8   0x08001ec8   0x00000074   Code   RO         2784    i.HAL_TIMEx_ConfigBreakDeadTime  stm32f1xx_hal_tim_ex.o
    0x08001f3c   0x08001f3c   0x0000009c   Code   RO         2800    i.HAL_TIMEx_MasterConfigSynchronization  stm32f1xx_hal_tim_ex.o
    0x08001fd8   0x08001fd8   0x00000066   Code   RO         2066    i.HAL_TIM_Base_Init  stm32f1xx_hal_tim.o
    0x0800203e   0x0800203e   0x00000002   PAD
    0x08002040   0x08002040   0x00000110   Code   RO          276    i.HAL_TIM_Base_MspInit  tim.o
    0x08002150   0x08002150   0x0000010c   Code   RO         2075    i.HAL_TIM_ConfigClockSource  stm32f1xx_hal_tim.o
    0x0800225c   0x0800225c   0x00000002   Code   RO         2100    i.HAL_TIM_IC_CaptureCallback  stm32f1xx_hal_tim.o
    0x0800225e   0x0800225e   0x0000016c   Code   RO         2114    i.HAL_TIM_IRQHandler  stm32f1xx_hal_tim.o
    0x080023ca   0x080023ca   0x00000002   PAD
    0x080023cc   0x080023cc   0x00000110   Code   RO          277    i.HAL_TIM_MspPostInit  tim.o
    0x080024dc   0x080024dc   0x00000002   Code   RO         2117    i.HAL_TIM_OC_DelayElapsedCallback  stm32f1xx_hal_tim.o
    0x080024de   0x080024de   0x00000104   Code   RO         2138    i.HAL_TIM_PWM_ConfigChannel  stm32f1xx_hal_tim.o
    0x080025e2   0x080025e2   0x00000066   Code   RO         2141    i.HAL_TIM_PWM_Init  stm32f1xx_hal_tim.o
    0x08002648   0x08002648   0x00000002   Code   RO         2143    i.HAL_TIM_PWM_MspInit  stm32f1xx_hal_tim.o
    0x0800264a   0x0800264a   0x00000002   PAD
    0x0800264c   0x0800264c   0x000000f0   Code   RO         3461    i.HAL_TIM_PWM_PulseFinishedCallback  bj_motor.o
    0x0800273c   0x0800273c   0x000000f4   Code   RO         2146    i.HAL_TIM_PWM_Start  stm32f1xx_hal_tim.o
    0x08002830   0x08002830   0x00000144   Code   RO         2148    i.HAL_TIM_PWM_Start_IT  stm32f1xx_hal_tim.o
    0x08002974   0x08002974   0x000000fc   Code   RO         2151    i.HAL_TIM_PWM_Stop_IT  stm32f1xx_hal_tim.o
    0x08002a70   0x08002a70   0x00000002   Code   RO         2152    i.HAL_TIM_PeriodElapsedCallback  stm32f1xx_hal_tim.o
    0x08002a72   0x08002a72   0x00000002   Code   RO         2157    i.HAL_TIM_TriggerCallback  stm32f1xx_hal_tim.o
    0x08002a74   0x08002a74   0x00000002   Code   RO         3060    i.HAL_UARTEx_RxEventCallback  stm32f1xx_hal_uart.o
    0x08002a76   0x08002a76   0x00000002   Code   RO         3064    i.HAL_UART_AbortReceiveCpltCallback  stm32f1xx_hal_uart.o
    0x08002a78   0x08002a78   0x000000d8   Code   RO         3065    i.HAL_UART_AbortReceive_IT  stm32f1xx_hal_uart.o
    0x08002b50   0x08002b50   0x0000008a   Code   RO         3072    i.HAL_UART_DMAStop  stm32f1xx_hal_uart.o
    0x08002bda   0x08002bda   0x0000003e   Code   RO         3073    i.HAL_UART_DeInit   stm32f1xx_hal_uart.o
    0x08002c18   0x08002c18   0x00000002   Code   RO         3074    i.HAL_UART_ErrorCallback  stm32f1xx_hal_uart.o
    0x08002c1a   0x08002c1a   0x00000002   PAD
    0x08002c1c   0x08002c1c   0x000002e4   Code   RO         3077    i.HAL_UART_IRQHandler  stm32f1xx_hal_uart.o
    0x08002f00   0x08002f00   0x00000024   Code   RO         3733    i.HAL_UART_IdleCallback  userusart1.o
    0x08002f24   0x08002f24   0x00000076   Code   RO         3078    i.HAL_UART_Init     stm32f1xx_hal_uart.o
    0x08002f9a   0x08002f9a   0x00000002   PAD
    0x08002f9c   0x08002f9c   0x00000064   Code   RO          341    i.HAL_UART_MspDeInit  usart.o
    0x08003000   0x08003000   0x00000174   Code   RO          342    i.HAL_UART_MspInit  usart.o
    0x08003174   0x08003174   0x0000002c   Code   RO         3082    i.HAL_UART_Receive_DMA  stm32f1xx_hal_uart.o
    0x080031a0   0x080031a0   0x0000002c   Code   RO         3083    i.HAL_UART_Receive_IT  stm32f1xx_hal_uart.o
    0x080031cc   0x080031cc   0x00000018   Code   RO         3734    i.HAL_UART_RxCpltCallback  userusart1.o
    0x080031e4   0x080031e4   0x00000002   Code   RO         3085    i.HAL_UART_RxHalfCpltCallback  stm32f1xx_hal_uart.o
    0x080031e6   0x080031e6   0x000000be   Code   RO         3086    i.HAL_UART_Transmit  stm32f1xx_hal_uart.o
    0x080032a4   0x080032a4   0x0000008c   Code   RO         3087    i.HAL_UART_Transmit_DMA  stm32f1xx_hal_uart.o
    0x08003330   0x08003330   0x00000018   Code   RO         3735    i.HAL_UART_TxCpltCallback  userusart1.o
    0x08003348   0x08003348   0x00000002   Code   RO         3090    i.HAL_UART_TxHalfCpltCallback  stm32f1xx_hal_uart.o
    0x0800334a   0x0800334a   0x00000004   Code   RO          393    i.HardFault_Handler  stm32f1xx_it.o
    0x0800334e   0x0800334e   0x0000003e   Code   RO          634    i.I2C_IsAcknowledgeFailed  stm32f1xx_hal_i2c.o
    0x0800338c   0x0800338c   0x000000c0   Code   RO          638    i.I2C_MasterRequestWrite  stm32f1xx_hal_i2c.o
    0x0800344c   0x0800344c   0x00000066   Code   RO          654    i.I2C_WaitOnBTFFlagUntilTimeout  stm32f1xx_hal_i2c.o
    0x080034b2   0x080034b2   0x000000be   Code   RO          655    i.I2C_WaitOnFlagUntilTimeout  stm32f1xx_hal_i2c.o
    0x08003570   0x08003570   0x000000fa   Code   RO          656    i.I2C_WaitOnMasterAddressFlagUntilTimeout  stm32f1xx_hal_i2c.o
    0x0800366a   0x0800366a   0x00000066   Code   RO          660    i.I2C_WaitOnTXEFlagUntilTimeout  stm32f1xx_hal_i2c.o
    0x080036d0   0x080036d0   0x00000044   Code   RO          209    i.MX_DMA_Init       dma.o
    0x08003714   0x08003714   0x000000d4   Code   RO          185    i.MX_GPIO_Init      gpio.o
    0x080037e8   0x080037e8   0x0000003c   Code   RO          235    i.MX_I2C2_Init      i2c.o
    0x08003824   0x08003824   0x000000a4   Code   RO          278    i.MX_TIM3_Init      tim.o
    0x080038c8   0x080038c8   0x000000a4   Code   RO          279    i.MX_TIM4_Init      tim.o
    0x0800396c   0x0800396c   0x000000a8   Code   RO          280    i.MX_TIM5_Init      tim.o
    0x08003a14   0x08003a14   0x000000d8   Code   RO          281    i.MX_TIM8_Init      tim.o
    0x08003aec   0x08003aec   0x00000038   Code   RO          343    i.MX_USART1_UART_Init  usart.o
    0x08003b24   0x08003b24   0x00000038   Code   RO          344    i.MX_USART2_UART_Init  usart.o
    0x08003b5c   0x08003b5c   0x00000004   Code   RO          394    i.MemManage_Handler  stm32f1xx_it.o
    0x08003b60   0x08003b60   0x00000004   Code   RO          395    i.NMI_Handler       stm32f1xx_it.o
    0x08003b64   0x08003b64   0x000000b4   Code   RO         3550    i.OLED_Init         oled.o
    0x08003c18   0x08003c18   0x00000014   Code   RO         3551    i.OLED_NewFrame     oled.o
    0x08003c2c   0x08003c2c   0x00000040   Code   RO         3552    i.OLED_PrintASCIIChar  oled.o
    0x08003c6c   0x08003c6c   0x000000de   Code   RO         3554    i.OLED_PrintString  oled.o
    0x08003d4a   0x08003d4a   0x00000002   PAD
    0x08003d4c   0x08003d4c   0x00000020   Code   RO         3555    i.OLED_Send         oled.o
    0x08003d6c   0x08003d6c   0x00000014   Code   RO         3556    i.OLED_SendCmd      oled.o
    0x08003d80   0x08003d80   0x00000062   Code   RO         3557    i.OLED_SetBits      oled.o
    0x08003de2   0x08003de2   0x00000088   Code   RO         3558    i.OLED_SetBits_Fine  oled.o
    0x08003e6a   0x08003e6a   0x0000009a   Code   RO         3559    i.OLED_SetBlock     oled.o
    0x08003f04   0x08003f04   0x0000007c   Code   RO         3561    i.OLED_SetByte_Fine  oled.o
    0x08003f80   0x08003f80   0x0000004c   Code   RO         3564    i.OLED_ShowFrame    oled.o
    0x08003fcc   0x08003fcc   0x00000002   Code   RO          396    i.PendSV_Handler    stm32f1xx_it.o
    0x08003fce   0x08003fce   0x00000002   PAD
    0x08003fd0   0x08003fd0   0x00000ae0   Code   RO         3825    i.QZ_points         fun.o
    0x08004ab0   0x08004ab0   0x00000028   Code   RO         1244    i.RCC_Delay         stm32f1xx_hal_rcc.o
    0x08004ad8   0x08004ad8   0x00000002   Code   RO          397    i.SVC_Handler       stm32f1xx_it.o
    0x08004ada   0x08004ada   0x00000008   Code   RO          398    i.SysTick_Handler   stm32f1xx_it.o
    0x08004ae2   0x08004ae2   0x00000066   Code   RO           14    i.SystemClock_Config  main.o
    0x08004b48   0x08004b48   0x00000002   Code   RO         3422    i.SystemInit        system_stm32f1xx.o
    0x08004b4a   0x08004b4a   0x00000002   PAD
    0x08004b4c   0x08004b4c   0x00000010   Code   RO          399    i.TIM3_IRQHandler   stm32f1xx_it.o
    0x08004b5c   0x08004b5c   0x00000010   Code   RO          400    i.TIM4_IRQHandler   stm32f1xx_it.o
    0x08004b6c   0x08004b6c   0x00000010   Code   RO          401    i.TIM8_BRK_IRQHandler  stm32f1xx_it.o
    0x08004b7c   0x08004b7c   0x00000010   Code   RO          402    i.TIM8_CC_IRQHandler  stm32f1xx_it.o
    0x08004b8c   0x08004b8c   0x00000010   Code   RO          403    i.TIM8_TRG_COM_IRQHandler  stm32f1xx_it.o
    0x08004b9c   0x08004b9c   0x00000010   Code   RO          404    i.TIM8_UP_IRQHandler  stm32f1xx_it.o
    0x08004bac   0x08004bac   0x000000ac   Code   RO         2159    i.TIM_Base_SetConfig  stm32f1xx_hal_tim.o
    0x08004c58   0x08004c58   0x00000022   Code   RO         2160    i.TIM_CCxChannelCmd  stm32f1xx_hal_tim.o
    0x08004c7a   0x08004c7a   0x00000016   Code   RO         2170    i.TIM_ETR_SetConfig  stm32f1xx_hal_tim.o
    0x08004c90   0x08004c90   0x00000012   Code   RO         2171    i.TIM_ITRx_SetConfig  stm32f1xx_hal_tim.o
    0x08004ca2   0x08004ca2   0x00000002   PAD
    0x08004ca4   0x08004ca4   0x00000070   Code   RO         2172    i.TIM_OC1_SetConfig  stm32f1xx_hal_tim.o
    0x08004d14   0x08004d14   0x0000007c   Code   RO         2173    i.TIM_OC2_SetConfig  stm32f1xx_hal_tim.o
    0x08004d90   0x08004d90   0x00000078   Code   RO         2174    i.TIM_OC3_SetConfig  stm32f1xx_hal_tim.o
    0x08004e08   0x08004e08   0x00000054   Code   RO         2175    i.TIM_OC4_SetConfig  stm32f1xx_hal_tim.o
    0x08004e5c   0x08004e5c   0x00000026   Code   RO         2177    i.TIM_TI1_ConfigInputStage  stm32f1xx_hal_tim.o
    0x08004e82   0x08004e82   0x00000028   Code   RO         2179    i.TIM_TI2_ConfigInputStage  stm32f1xx_hal_tim.o
    0x08004eaa   0x08004eaa   0x00000014   Code   RO         3091    i.UART_DMAAbortOnError  stm32f1xx_hal_uart.o
    0x08004ebe   0x08004ebe   0x00000050   Code   RO         3092    i.UART_DMAError     stm32f1xx_hal_uart.o
    0x08004f0e   0x08004f0e   0x000000b4   Code   RO         3093    i.UART_DMAReceiveCplt  stm32f1xx_hal_uart.o
    0x08004fc2   0x08004fc2   0x00000024   Code   RO         3095    i.UART_DMARxHalfCplt  stm32f1xx_hal_uart.o
    0x08004fe6   0x08004fe6   0x0000001c   Code   RO         3096    i.UART_DMARxOnlyAbortCallback  stm32f1xx_hal_uart.o
    0x08005002   0x08005002   0x00000058   Code   RO         3097    i.UART_DMATransmitCplt  stm32f1xx_hal_uart.o
    0x0800505a   0x0800505a   0x0000000e   Code   RO         3099    i.UART_DMATxHalfCplt  stm32f1xx_hal_uart.o
    0x08005068   0x08005068   0x0000006c   Code   RO         3101    i.UART_EndRxTransfer  stm32f1xx_hal_uart.o
    0x080050d4   0x080050d4   0x00000020   Code   RO         3102    i.UART_EndTransmit_IT  stm32f1xx_hal_uart.o
    0x080050f4   0x080050f4   0x00000026   Code   RO         3103    i.UART_EndTxTransfer  stm32f1xx_hal_uart.o
    0x0800511a   0x0800511a   0x000000fc   Code   RO         3104    i.UART_Receive_IT   stm32f1xx_hal_uart.o
    0x08005216   0x08005216   0x00000002   PAD
    0x08005218   0x08005218   0x000000fc   Code   RO         3105    i.UART_SetConfig    stm32f1xx_hal_uart.o
    0x08005314   0x08005314   0x000000c8   Code   RO         3106    i.UART_Start_Receive_DMA  stm32f1xx_hal_uart.o
    0x080053dc   0x080053dc   0x00000040   Code   RO         3107    i.UART_Start_Receive_IT  stm32f1xx_hal_uart.o
    0x0800541c   0x0800541c   0x00000060   Code   RO         3108    i.UART_Transmit_IT  stm32f1xx_hal_uart.o
    0x0800547c   0x0800547c   0x0000008c   Code   RO         3109    i.UART_WaitOnFlagUntilTimeout  stm32f1xx_hal_uart.o
    0x08005508   0x08005508   0x0000000c   Code   RO         3736    i.USART1_EndTxd_IRQHandler  userusart1.o
    0x08005514   0x08005514   0x00000060   Code   RO         3737    i.USART1_IDLE_IRQHandler  userusart1.o
    0x08005574   0x08005574   0x00000014   Code   RO          405    i.USART1_IRQHandler  stm32f1xx_it.o
    0x08005588   0x08005588   0x00000040   Code   RO         3738    i.USART1_RXD_IRQHandler  userusart1.o
    0x080055c8   0x080055c8   0x00000004   Code   RO          406    i.UsageFault_Handler  stm32f1xx_it.o
    0x080055cc   0x080055cc   0x00000038   Code   RO         3739    i.Usart1_ReadData   userusart1.o
    0x08005604   0x08005604   0x00000060   Code   RO         3740    i.Usart1_SendData   userusart1.o
    0x08005664   0x08005664   0x00000038   Code   RO         3741    i.Usart1_init       userusart1.o
    0x0800569c   0x0800569c   0x0000003c   Code   RO         3565    i._OLED_GetUTF8Len  oled.o
    0x080056d8   0x080056d8   0x00000010   Code   RO         1551    i.__NVIC_GetPriorityGrouping  stm32f1xx_hal_cortex.o
    0x080056e8   0x080056e8   0x00000028   Code   RO         1552    i.__NVIC_SetPriority  stm32f1xx_hal_cortex.o
    0x08005710   0x08005710   0x0000004c   Code   RO         3827    i.lcd_show          fun.o
    0x0800575c   0x0800575c   0x00000060   Code   RO           15    i.main              main.o
    0x080057bc   0x080057bc   0x00000234   Code   RO         3743    i.user_uart_process  userusart1.o
    0x080059f0   0x080059f0   0x00000018   Code   RO         3940    x$fpl$fcmpinf       fz_ws.l(fcmpi.o)
    0x08005a08   0x08005a08   0x0000003e   Code   RO         3903    x$fpl$ffixu         fz_ws.l(ffixu.o)
    0x08005a46   0x08005a46   0x00000002   PAD
    0x08005a48   0x08005a48   0x00000068   Code   RO         3918    x$fpl$fleqf         fz_ws.l(fleqf.o)
    0x08005ab0   0x08005ab0   0x00000102   Code   RO         3907    x$fpl$fmul          fz_ws.l(fmul.o)
    0x08005bb2   0x08005bb2   0x0000008c   Code   RO         3920    x$fpl$fnaninf       fz_ws.l(fnaninf.o)
    0x08005c3e   0x08005c3e   0x0000000a   Code   RO         3922    x$fpl$fretinf       fz_ws.l(fretinf.o)
    0x08005c48   0x08005c48   0x00000062   Code   RO         3909    x$fpl$frleqf        fz_ws.l(frleqf.o)
    0x08005caa   0x08005caa   0x00000000   Code   RO         3924    x$fpl$usenofp       fz_ws.l(usenofp.o)
    0x08005caa   0x08005caa   0x00000012   Data   RO         1245    .constdata          stm32f1xx_hal_rcc.o
    0x08005cbc   0x08005cbc   0x00000018   Data   RO         3423    .constdata          system_stm32f1xx.o
    0x08005cd4   0x08005cd4   0x00001d4c   Data   RO         3521    .constdata          font.o
    0x08007a20   0x08007a20   0x00000020   Data   RO         4081    Region$$Table       anon$$obj.o


    Execution Region RW_IRAM1 (Exec base: 0x20000000, Load base: 0x08007a40, Size: 0x000010c8, Max: 0x0000c000, ABSOLUTE)

    Exec Addr    Load Addr    Size         Type   Attr      Idx    E Section Name        Object

    0x20000000   0x08007a40   0x00000009   Data   RW         1081    .data               stm32f1xx_hal.o
    0x20000009   0x08007a49   0x00000003   PAD
    0x2000000c   0x08007a4c   0x00000004   Data   RW         3424    .data               system_stm32f1xx.o
    0x20000010   0x08007a50   0x00000016   Data   RW         3463    .data               bj_motor.o
    0x20000026   0x08007a66   0x00000004   Data   RW         3567    .data               oled.o
    0x2000002a   0x08007a6a   0x00000002   PAD
    0x2000002c   0x08007a6c   0x0000000b   Data   RW         3745    .data               userusart1.o
    0x20000037   0x08007a77   0x00000001   PAD
    0x20000038        -       0x00000054   Zero   RW          236    .bss                i2c.o
    0x2000008c        -       0x00000120   Zero   RW          282    .bss                tim.o
    0x200001ac        -       0x00000118   Zero   RW          345    .bss                usart.o
    0x200002c4        -       0x00000020   Zero   RW         3462    .bss                bj_motor.o
    0x200002e4        -       0x00000481   Zero   RW         3566    .bss                oled.o
    0x20000765        -       0x00000303   Zero   RW         3744    .bss                userusart1.o
    0x20000a68        -       0x00000060   Zero   RW         3953    .bss                c_w.l(libspace.o)
    0x20000ac8        -       0x00000200   Zero   RW            2    HEAP                startup_stm32f103xe.o
    0x20000cc8        -       0x00000400   Zero   RW            1    STACK               startup_stm32f103xe.o


==============================================================================

Image component sizes


      Code (inc. data)   RO Data    RW Data    ZI Data      Debug   Object Name

       604        130          0         22         32       3689   bj_motor.o
        68          4          0          0          0        714   dma.o
         0          0       7500          0          0       1525   font.o
      2860        206          0          0          0       2383   fun.o
       212         12          0          0          0        927   gpio.o
       180         26          0          0         84       1529   i2c.o
       204          4          0          0          0     495064   main.o
      1186         32          0          4       1153       9515   oled.o
        64         26        304          0       1536        792   startup_stm32f103xe.o
       192         36          0          9          0       6353   stm32f1xx_hal.o
       372         28          0          0          0      29985   stm32f1xx_hal_cortex.o
      1910         36          0          0          0       5803   stm32f1xx_hal_dma.o
      1184         72          0          0          0       3562   stm32f1xx_hal_gpio.o
      1730         32          0          0          0       7905   stm32f1xx_hal_i2c.o
        84          8          0          0          0        858   stm32f1xx_hal_msp.o
      1748         98         18          0          0       5816   stm32f1xx_hal_rcc.o
      2690        108          0          0          0      16389   stm32f1xx_hal_tim.o
       276         22          0          0          0       3133   stm32f1xx_hal_tim_ex.o
      3330         38          0          0          0      21866   stm32f1xx_hal_uart.o
       182         52          0          0          0       7806   stm32f1xx_it.o
         2          0         24          4          0       1059   system_stm32f1xx.o
      1256         92          0          0        288       4675   tim.o
       584         66          0          0        280       2914   usart.o
      1028        176          0         11        771       6141   userusart1.o

    ----------------------------------------------------------------------
     21968       1304       7878         56       4144     640403   Object Totals
         0          0         32          0          0          0   (incl. Generated)
        22          0          0          6          0          0   (incl. Padding)

    ----------------------------------------------------------------------

      Code (inc. data)   RO Data    RW Data    ZI Data      Debug   Library Member Name

         8          0          0          0          0         68   __main.o
         0          0          0          0          0          0   __rtentry.o
        12          0          0          0          0          0   __rtentry2.o
         6          0          0          0          0          0   __rtentry4.o
        52          8          0          0          0          0   __scatter.o
        26          0          0          0          0          0   __scatter_copy.o
        28          0          0          0          0          0   __scatter_zi.o
        18          0          0          0          0         80   exit.o
         6          0          0          0          0        152   heapauxi.o
         0          0          0          0          0          0   indicate_semi.o
         2          0          0          0          0          0   libinit.o
         2          0          0          0          0          0   libinit2.o
         2          0          0          0          0          0   libshutdown.o
         2          0          0          0          0          0   libshutdown2.o
         8          4          0          0         96         68   libspace.o
        88          0          0          0          0         76   memcmp.o
        68          0          0          0          0         68   rt_memclr.o
        78          0          0          0          0         80   rt_memclr_w.o
       138          0          0          0          0         68   rt_memcpy_v6.o
       100          0          0          0          0         80   rt_memcpy_w.o
         2          0          0          0          0          0   rtexit.o
        10          0          0          0          0          0   rtexit2.o
        12          4          0          0          0         68   sys_exit.o
        74          0          0          0          0         80   sys_stackheap_outer.o
         2          0          0          0          0         68   use_no_semi.o
        24          0          0          0          0         68   fcmpi.o
        62          4          0          0          0         84   ffixu.o
       104          4          0          0          0         84   fleqf.o
       258          4          0          0          0         84   fmul.o
       140          4          0          0          0         84   fnaninf.o
        10          0          0          0          0         68   fretinf.o
        98          0          0          0          0         68   frleqf.o
         0          0          0          0          0          0   usenofp.o

    ----------------------------------------------------------------------
      1450         32          0          0         96       1496   Library Totals
        10          0          0          0          0          0   (incl. Padding)

    ----------------------------------------------------------------------

      Code (inc. data)   RO Data    RW Data    ZI Data      Debug   Library Name

       744         16          0          0         96        956   c_w.l
       696         16          0          0          0        540   fz_ws.l

    ----------------------------------------------------------------------
      1450         32          0          0         96       1496   Library Totals

    ----------------------------------------------------------------------

==============================================================================


      Code (inc. data)   RO Data    RW Data    ZI Data      Debug   

     23418       1336       7878         56       4240     633211   Grand Totals
     23418       1336       7878         56       4240     633211   ELF Image Totals
     23418       1336       7878         56          0          0   ROM Totals

==============================================================================

    Total RO  Size (Code + RO Data)                31296 (  30.56kB)
    Total RW  Size (RW Data + ZI Data)              4296 (   4.20kB)
    Total ROM Size (Code + RO Data + RW Data)      31352 (  30.62kB)

==============================================================================

